Component: ARM Compiler 5.05 update 1 (build 106) Tool: armlink [4d0efa]

==============================================================================

Section Cross References

    startup_stm32f10x_hd.o(STACK) refers (Special) to heapauxi.o(.text) for __use_two_region_memory
    startup_stm32f10x_hd.o(HEAP) refers (Special) to heapauxi.o(.text) for __use_two_region_memory
    startup_stm32f10x_hd.o(RESET) refers (Special) to heapauxi.o(.text) for __use_two_region_memory
    startup_stm32f10x_hd.o(RESET) refers to startup_stm32f10x_hd.o(STACK) for __initial_sp
    startup_stm32f10x_hd.o(RESET) refers to startup_stm32f10x_hd.o(.text) for Reset_Handler
    startup_stm32f10x_hd.o(RESET) refers to stm32f10x_it.o(i.NMI_Handler) for NMI_Handler
    startup_stm32f10x_hd.o(RESET) refers to stm32f10x_it.o(i.HardFault_Handler) for HardFault_Handler
    startup_stm32f10x_hd.o(RESET) refers to stm32f10x_it.o(i.MemManage_Handler) for MemManage_Handler
    startup_stm32f10x_hd.o(RESET) refers to stm32f10x_it.o(i.BusFault_Handler) for BusFault_Handler
    startup_stm32f10x_hd.o(RESET) refers to stm32f10x_it.o(i.UsageFault_Handler) for UsageFault_Handler
    startup_stm32f10x_hd.o(RESET) refers to stm32f10x_it.o(i.SVC_Handler) for SVC_Handler
    startup_stm32f10x_hd.o(RESET) refers to stm32f10x_it.o(i.DebugMon_Handler) for DebugMon_Handler
    startup_stm32f10x_hd.o(RESET) refers to stm32f10x_it.o(i.PendSV_Handler) for PendSV_Handler
    startup_stm32f10x_hd.o(RESET) refers to stm32f10x_it.o(i.SysTick_Handler) for SysTick_Handler
    startup_stm32f10x_hd.o(RESET) refers to comm_can.o(i.USB_LP_CAN1_RX0_IRQHandler) for USB_LP_CAN1_RX0_IRQHandler
    startup_stm32f10x_hd.o(RESET) refers to motor.o(i.TIM3_IRQHandler) for TIM3_IRQHandler
    startup_stm32f10x_hd.o(RESET) refers to stm32f10x_it.o(i.EXTI15_10_IRQHandler) for EXTI15_10_IRQHandler
    startup_stm32f10x_hd.o(RESET) refers to motor.o(i.TIM8_UP_IRQHandler) for TIM8_UP_IRQHandler
    startup_stm32f10x_hd.o(.text) refers (Special) to heapauxi.o(.text) for __use_two_region_memory
    startup_stm32f10x_hd.o(.text) refers to system_stm32f10x.o(i.SystemInit) for SystemInit
    startup_stm32f10x_hd.o(.text) refers to __main.o(!!!main) for __main
    startup_stm32f10x_hd.o(.text) refers to startup_stm32f10x_hd.o(HEAP) for Heap_Mem
    startup_stm32f10x_hd.o(.text) refers to startup_stm32f10x_hd.o(STACK) for Stack_Mem
    stm32f10x_can.o(i.CAN_DeInit) refers to stm32f10x_rcc.o(i.RCC_APB1PeriphResetCmd) for RCC_APB1PeriphResetCmd
    stm32f10x_can.o(i.CAN_GetITStatus) refers to stm32f10x_can.o(i.CheckITStatus) for CheckITStatus
    stm32f10x_flash.o(i.FLASH_EnableWriteProtection) refers to stm32f10x_flash.o(i.FLASH_WaitForLastOperation) for FLASH_WaitForLastOperation
    stm32f10x_flash.o(i.FLASH_EraseAllBank1Pages) refers to stm32f10x_flash.o(i.FLASH_WaitForLastBank1Operation) for FLASH_WaitForLastBank1Operation
    stm32f10x_flash.o(i.FLASH_EraseAllPages) refers to stm32f10x_flash.o(i.FLASH_WaitForLastOperation) for FLASH_WaitForLastOperation
    stm32f10x_flash.o(i.FLASH_EraseOptionBytes) refers to stm32f10x_flash.o(i.FLASH_GetReadOutProtectionStatus) for FLASH_GetReadOutProtectionStatus
    stm32f10x_flash.o(i.FLASH_EraseOptionBytes) refers to stm32f10x_flash.o(i.FLASH_WaitForLastOperation) for FLASH_WaitForLastOperation
    stm32f10x_flash.o(i.FLASH_ErasePage) refers to stm32f10x_flash.o(i.FLASH_WaitForLastOperation) for FLASH_WaitForLastOperation
    stm32f10x_flash.o(i.FLASH_ProgramHalfWord) refers to stm32f10x_flash.o(i.FLASH_WaitForLastOperation) for FLASH_WaitForLastOperation
    stm32f10x_flash.o(i.FLASH_ProgramOptionByteData) refers to stm32f10x_flash.o(i.FLASH_WaitForLastOperation) for FLASH_WaitForLastOperation
    stm32f10x_flash.o(i.FLASH_ProgramWord) refers to stm32f10x_flash.o(i.FLASH_WaitForLastOperation) for FLASH_WaitForLastOperation
    stm32f10x_flash.o(i.FLASH_ReadOutProtection) refers to stm32f10x_flash.o(i.FLASH_WaitForLastOperation) for FLASH_WaitForLastOperation
    stm32f10x_flash.o(i.FLASH_UserOptionByteConfig) refers to stm32f10x_flash.o(i.FLASH_WaitForLastOperation) for FLASH_WaitForLastOperation
    stm32f10x_flash.o(i.FLASH_WaitForLastBank1Operation) refers to stm32f10x_flash.o(i.FLASH_GetBank1Status) for FLASH_GetBank1Status
    stm32f10x_flash.o(i.FLASH_WaitForLastOperation) refers to stm32f10x_flash.o(i.FLASH_GetBank1Status) for FLASH_GetBank1Status
    stm32f10x_gpio.o(i.GPIO_AFIODeInit) refers to stm32f10x_rcc.o(i.RCC_APB2PeriphResetCmd) for RCC_APB2PeriphResetCmd
    stm32f10x_gpio.o(i.GPIO_DeInit) refers to stm32f10x_rcc.o(i.RCC_APB2PeriphResetCmd) for RCC_APB2PeriphResetCmd
    stm32f10x_pwr.o(i.PWR_DeInit) refers to stm32f10x_rcc.o(i.RCC_APB1PeriphResetCmd) for RCC_APB1PeriphResetCmd
    stm32f10x_rcc.o(i.RCC_GetClocksFreq) refers to stm32f10x_rcc.o(.data) for APBAHBPrescTable
    stm32f10x_rcc.o(i.RCC_WaitForHSEStartUp) refers to stm32f10x_rcc.o(i.RCC_GetFlagStatus) for RCC_GetFlagStatus
[...]
    libinit.o(.ARM.Collect$$libinit$$00000000) refers (Special) to libinit2.o(.ARM.Collect$$libinit$$0000000C) for __rt_lib_init_user_alloc_1
    libspace.o(.text) refers to libspace.o(.bss) for __libspace_start
    rtexit.o(.ARM.Collect$$rtexit$$00000000) refers (Special) to rtexit2.o(.ARM.Collect$$rtexit$$00000004) for __rt_exit_exit
    rtexit.o(.ARM.Collect$$rtexit$$00000000) refers (Special) to rtexit2.o(.ARM.Collect$$rtexit$$00000003) for __rt_exit_ls
    rtexit.o(.ARM.Collect$$rtexit$$00000000) refers (Special) to rtexit2.o(.ARM.Collect$$rtexit$$00000002) for __rt_exit_prels_1
    rtexit.o(.ARM.exidx) refers (Special) to rtexit2.o(.ARM.Collect$$rtexit$$00000004) for __rt_exit_exit
    rtexit.o(.ARM.exidx) refers (Special) to rtexit2.o(.ARM.Collect$$rtexit$$00000003) for __rt_exit_ls
    rtexit.o(.ARM.exidx) refers (Special) to rtexit2.o(.ARM.Collect$$rtexit$$00000002) for __rt_exit_prels_1
    rtexit.o(.ARM.exidx) refers to rtexit.o(.ARM.Collect$$rtexit$$00000000) for .ARM.Collect$$rtexit$$00000000
    libinit2.o(.ARM.Collect$$libinit$$00000010) refers to libinit2.o(.ARM.Collect$$libinit$$0000000F) for .ARM.Collect$$libinit$$0000000F
    libinit2.o(.ARM.Collect$$libinit$$00000012) refers to libinit2.o(.ARM.Collect$$libinit$$0000000F) for .ARM.Collect$$libinit$$0000000F
    libinit2.o(.ARM.Collect$$libinit$$00000014) refers to libinit2.o(.ARM.Collect$$libinit$$0000000F) for .ARM.Collect$$libinit$$0000000F
    libinit2.o(.ARM.Collect$$libinit$$00000016) refers to libinit2.o(.ARM.Collect$$libinit$$0000000F) for .ARM.Collect$$libinit$$0000000F
    libinit2.o(.ARM.Collect$$libinit$$00000018) refers to libinit2.o(.ARM.Collect$$libinit$$0000000F) for .ARM.Collect$$libinit$$0000000F
    libinit2.o(.ARM.Collect$$libinit$$00000026) refers to argv_veneer.o(.emb_text) for __ARM_argv_veneer
    libinit2.o(.ARM.Collect$$libinit$$00000027) refers to argv_veneer.o(.emb_text) for __ARM_argv_veneer
    rtexit2.o(.ARM.Collect$$rtexit$$00000003) refers to libshutdown.o(.ARM.Collect$$libshutdown$$00000000) for __rt_lib_shutdown
    rtexit2.o(.ARM.Collect$$rtexit$$00000004) refers to sys_exit.o(.text) for _sys_exit
    rtexit2.o(.ARM.exidx) refers to rtexit2.o(.ARM.Collect$$rtexit$$00000001) for .ARM.Collect$$rtexit$$00000001
    rtexit2.o(.ARM.exidx) refers to rtexit2.o(.ARM.Collect$$rtexit$$00000003) for .ARM.Collect$$rtexit$$00000003
    rtexit2.o(.ARM.exidx) refers to rtexit2.o(.ARM.Collect$$rtexit$$00000004) for .ARM.Collect$$rtexit$$00000004
    argv_veneer.o(.emb_text) refers to no_argv.o(.text) for __ARM_get_argv
    sys_exit.o(.text) refers (Special) to use_no_semi.o(.text) for __I$use$semihosting
    sys_exit.o(.text) refers (Special) to indicate_semi.o(.text) for __semihosting_library_function
    _get_argv_nomalloc.o(.text) refers (Special) to hrguard.o(.text) for __heap_region$guard
    _get_argv_nomalloc.o(.text) refers to defsig_rtmem_outer.o(.text) for __rt_SIGRTMEM
    _get_argv_nomalloc.o(.text) refers to sys_command.o(.text) for _sys_command_string
    libshutdown.o(.ARM.Collect$$libshutdown$$00000000) refers (Special) to libshutdown2.o(.ARM.Collect$$libshutdown$$00000006) for __rt_lib_shutdown_fp_trap_1
    libshutdown.o(.ARM.Collect$$libshutdown$$00000000) refers (Special) to libshutdown2.o(.ARM.Collect$$libshutdown$$0000000E) for __rt_lib_shutdown_heap_1
    libshutdown.o(.ARM.Collect$$libshutdown$$00000000) refers (Special) to libshutdown2.o(.ARM.Collect$$libshutdown$$0000000F) for __rt_lib_shutdown_return
    libshutdown.o(.ARM.Collect$$libshutdown$$00000000) refers (Special) to libshutdown2.o(.ARM.Collect$$libshutdown$$00000009) for __rt_lib_shutdown_signal_1
    libshutdown.o(.ARM.Collect$$libshutdown$$00000000) refers (Special) to libshutdown2.o(.ARM.Collect$$libshutdown$$00000003) for __rt_lib_shutdown_stdio_1
    libshutdown.o(.ARM.Collect$$libshutdown$$00000000) refers (Special) to libshutdown2.o(.ARM.Collect$$libshutdown$$0000000B) for __rt_lib_shutdown_user_alloc_1
    sys_command.o(.text) refers (Special) to use_no_semi.o(.text) for __I$use$semihosting
    sys_command.o(.text) refers (Special) to indicate_semi.o(.text) for __semihosting_library_function
    defsig_rtmem_outer.o(.text) refers to defsig_rtmem_inner.o(.text) for __rt_SIGRTMEM_inner
    defsig_rtmem_outer.o(.text) refers to defsig_exit.o(.text) for __sig_exit
    defsig_rtmem_formal.o(.text) refers to rt_raise.o(.text) for __rt_raise
    rt_raise.o(.text) refers to __raise.o(.text) for __raise
    rt_raise.o(.text) refers to sys_exit.o(.text) for _sys_exit
    defsig_exit.o(.text) refers to sys_exit.o(.text) for _sys_exit
    defsig_rtmem_inner.o(.text) refers to defsig_general.o(.text) for __default_signal_display
    __raise.o(.text) refers to defsig.o(CL$$defsig) for __default_signal_handler
    defsig_general.o(.text) refers to sys_wrch.o(.text) for _ttywrch
    sys_wrch.o(.text) refers (Special) to use_no_semi.o(.text) for __I$use$semihosting
    sys_wrch.o(.text) refers (Special) to indicate_semi.o(.text) for __semihosting_library_function
    defsig.o(CL$$defsig) refers to defsig_rtmem_inner.o(.text) for __rt_SIGRTMEM_inner
    defsig_abrt_inner.o(.text) refers to defsig_general.o(.text) for __default_signal_display
    defsig_fpe_inner.o(.text) refers to defsig_general.o(.text) for __default_signal_display
    defsig_rtred_inner.o(.text) refers to defsig_general.o(.text) for __default_signal_display
    defsig_stak_inner.o(.text) refers to defsig_general.o(.text) for __default_signal_display
    defsig_pvfn_inner.o(.text) refers to defsig_general.o(.text) for __default_signal_display
    defsig_cppl_inner.o(.text) refers to defsig_general.o(.text) for __default_signal_display
    defsig_segv_inner.o(.text) refers to defsig_general.o(.text) for __default_signal_display
    defsig_other.o(.text) refers to defsig_general.o(.text) for __default_signal_display


==============================================================================

Removing Unused input sections from the image.

    Removing core_cm3.o(.emb_text), (32 bytes).
    Removing misc.o(i.NVIC_SetVectorTable), (20 bytes).
    Removing misc.o(i.NVIC_SystemLPConfig), (32 bytes).
    Removing misc.o(i.SysTick_CLKSourceConfig), (40 bytes).
    Removing stm32f10x_can.o(i.CAN_CancelTransmit), (48 bytes).
    Removing stm32f10x_can.o(i.CAN_ClearFlag), (56 bytes).
    Removing stm32f10x_can.o(i.CAN_DBGFreeze), (22 bytes).
    Removing stm32f10x_can.o(i.CAN_DeInit), (56 bytes).
    Removing stm32f10x_can.o(i.CAN_FIFORelease), (22 bytes).
    Removing stm32f10x_can.o(i.CAN_GetFlagStatus), (120 bytes).
    Removing stm32f10x_can.o(i.CAN_GetLSBTransmitErrorCounter), (12 bytes).
    Removing stm32f10x_can.o(i.CAN_GetLastErrorCode), (12 bytes).
    Removing stm32f10x_can.o(i.CAN_GetReceiveErrorCounter), (10 bytes).
    Removing stm32f10x_can.o(i.CAN_MessagePending), (30 bytes).
    Removing stm32f10x_can.o(i.CAN_OperatingModeRequest), (162 bytes).
    Removing stm32f10x_can.o(i.CAN_SlaveStartBank), (52 bytes).
    Removing stm32f10x_can.o(i.CAN_Sleep), (30 bytes).
    Removing stm32f10x_can.o(i.CAN_StructInit), (32 bytes).
    Removing stm32f10x_can.o(i.CAN_TTComModeCmd), (118 bytes).
    Removing stm32f10x_can.o(i.CAN_WakeUp), (48 bytes).
    Removing stm32f10x_exti.o(i.EXTI_ClearFlag), (12 bytes).
    Removing stm32f10x_exti.o(i.EXTI_DeInit), (36 bytes).
    Removing stm32f10x_exti.o(i.EXTI_GenerateSWInterrupt), (16 bytes).
    Removing stm32f10x_exti.o(i.EXTI_GetFlagStatus), (24 bytes).
    Removing stm32f10x_exti.o(i.EXTI_StructInit), (16 bytes).
    Removing stm32f10x_flash.o(i.FLASH_ClearFlag), (12 bytes).
    Removing stm32f10x_flash.o(i.FLASH_EnableWriteProtection), (196 bytes).
    Removing stm32f10x_flash.o(i.FLASH_EraseAllBank1Pages), (72 bytes).
    Removing stm32f10x_flash.o(i.FLASH_EraseAllPages), (72 bytes).
    Removing stm32f10x_flash.o(i.FLASH_EraseOptionBytes), (168 bytes).
    Removing stm32f10x_flash.o(i.FLASH_ErasePage), (76 bytes).
    Removing stm32f10x_flash.o(i.FLASH_GetBank1Status), (52 bytes).
    Removing stm32f10x_flash.o(i.FLASH_GetFlagStatus), (48 bytes).
    Removing stm32f10x_flash.o(i.FLASH_GetPrefetchBufferStatus), (24 bytes).
    Removing stm32f10x_flash.o(i.FLASH_GetReadOutProtectionStatus), (24 bytes).
    Removing stm32f10x_flash.o(i.FLASH_GetStatus), (52 bytes).
    Removing stm32f10x_flash.o(i.FLASH_GetUserOptionByte), (12 bytes).
    Removing stm32f10x_flash.o(i.FLASH_GetWriteProtectionOptionByte), (12 bytes).
    Removing stm32f10x_flash.o(i.FLASH_HalfCycleAccessCmd), (28 bytes).
    Removing stm32f10x_flash.o(i.FLASH_ITConfig), (32 bytes).
    Removing stm32f10x_flash.o(i.FLASH_Lock), (20 bytes).
    Removing stm32f10x_flash.o(i.FLASH_LockBank1), (20 bytes).
    Removing stm32f10x_flash.o(i.FLASH_PrefetchBufferCmd), (28 bytes).
    Removing stm32f10x_flash.o(i.FLASH_ProgramHalfWord), (64 bytes).
    Removing stm32f10x_flash.o(i.FLASH_ProgramOptionByteData), (84 bytes).
    Removing stm32f10x_flash.o(i.FLASH_ProgramWord), (108 bytes).
    Removing stm32f10x_flash.o(i.FLASH_ReadOutProtection), (172 bytes).
    Removing stm32f10x_flash.o(i.FLASH_SetLatency), (24 bytes).
    Removing stm32f10x_flash.o(i.FLASH_Unlock), (24 bytes).
    Removing stm32f10x_flash.o(i.FLASH_UnlockBank1), (24 bytes).
    Removing stm32f10x_flash.o(i.FLASH_UserOptionByteConfig), (104 bytes).
    Removing stm32f10x_flash.o(i.FLASH_WaitForLastBank1Operation), (38 bytes).
    Removing stm32f10x_flash.o(i.FLASH_WaitForLastOperation), (38 bytes).
    Removing stm32f10x_gpio.o(i.GPIO_AFIODeInit), (20 bytes).
    Removing stm32f10x_gpio.o(i.GPIO_DeInit), (200 bytes).
    Removing stm32f10x_gpio.o(i.GPIO_ETH_MediaInterfaceConfig), (12 bytes).
    Removing stm32f10x_gpio.o(i.GPIO_EventOutputCmd), (12 bytes).
    Removing stm32f10x_gpio.o(i.GPIO_EventOutputConfig), (32 bytes).
    Removing stm32f10x_gpio.o(i.GPIO_PinLockConfig), (18 bytes).
    Removing stm32f10x_gpio.o(i.GPIO_ReadInputData), (8 bytes).
    Removing stm32f10x_gpio.o(i.GPIO_ReadOutputData), (8 bytes).
    Removing stm32f10x_gpio.o(i.GPIO_ReadOutputDataBit), (18 bytes).
    Removing stm32f10x_gpio.o(i.GPIO_StructInit), (16 bytes).
    Removing stm32f10x_gpio.o(i.GPIO_Write), (4 bytes).
    Removing stm32f10x_gpio.o(i.GPIO_WriteBit), (10 bytes).
    Removing stm32f10x_pwr.o(i.PWR_BackupAccessCmd), (12 bytes).
    Removing stm32f10x_pwr.o(i.PWR_ClearFlag), (20 bytes).
    Removing stm32f10x_pwr.o(i.PWR_DeInit), (22 bytes).
    Removing stm32f10x_pwr.o(i.PWR_EnterSTANDBYMode), (52 bytes).
    Removing stm32f10x_pwr.o(i.PWR_EnterSTOPMode), (64 bytes).
    Removing stm32f10x_pwr.o(i.PWR_GetFlagStatus), (24 bytes).
    Removing stm32f10x_pwr.o(i.PWR_PVDCmd), (12 bytes).
    Removing stm32f10x_pwr.o(i.PWR_PVDLevelConfig), (24 bytes).
    Removing stm32f10x_pwr.o(i.PWR_WakeUpPinCmd), (12 bytes).
    Removing stm32f10x_rcc.o(i.RCC_ADCCLKConfig), (24 bytes).
    Removing stm32f10x_rcc.o(i.RCC_AHBPeriphClockCmd), (32 bytes).
    Removing stm32f10x_rcc.o(i.RCC_APB1PeriphResetCmd), (32 bytes).
    Removing stm32f10x_rcc.o(i.RCC_APB2PeriphResetCmd), (32 bytes).
    Removing stm32f10x_rcc.o(i.RCC_AdjustHSICalibrationValue), (24 bytes).
    Removing stm32f10x_rcc.o(i.RCC_BackupResetCmd), (12 bytes).
    Removing stm32f10x_rcc.o(i.RCC_ClearFlag), (20 bytes).
    Removing stm32f10x_rcc.o(i.RCC_ClearITPendingBit), (12 bytes).
    Removing stm32f10x_rcc.o(i.RCC_ClockSecuritySystemCmd), (12 bytes).
    Removing stm32f10x_rcc.o(i.RCC_DeInit), (76 bytes).
    Removing stm32f10x_rcc.o(i.RCC_GetClocksFreq), (212 bytes).
    Removing stm32f10x_rcc.o(i.RCC_GetFlagStatus), (60 bytes).
    Removing stm32f10x_rcc.o(i.RCC_GetITStatus), (24 bytes).
    Removing stm32f10x_rcc.o(i.RCC_GetSYSCLKSource), (16 bytes).
    Removing stm32f10x_rcc.o(i.RCC_HCLKConfig), (24 bytes).
    Removing stm32f10x_rcc.o(i.RCC_HSEConfig), (76 bytes).
    Removing stm32f10x_rcc.o(i.RCC_HSICmd), (12 bytes).
    Removing stm32f10x_rcc.o(i.RCC_ITConfig), (32 bytes).
    Removing stm32f10x_rcc.o(i.RCC_LSEConfig), (52 bytes).
    Removing stm32f10x_rcc.o(i.RCC_LSICmd), (12 bytes).
    Removing stm32f10x_rcc.o(i.RCC_MCOConfig), (12 bytes).
    Removing stm32f10x_rcc.o(i.RCC_PCLK1Config), (24 bytes).
    Removing stm32f10x_rcc.o(i.RCC_PCLK2Config), (24 bytes).
    Removing stm32f10x_rcc.o(i.RCC_PLLCmd), (12 bytes).
    Removing stm32f10x_rcc.o(i.RCC_PLLConfig), (28 bytes).
    Removing stm32f10x_rcc.o(i.RCC_RTCCLKCmd), (12 bytes).
    Removing stm32f10x_rcc.o(i.RCC_RTCCLKConfig), (16 bytes).
    Removing stm32f10x_rcc.o(i.RCC_SYSCLKConfig), (24 bytes).
    Removing stm32f10x_rcc.o(i.RCC_USBCLKConfig), (12 bytes).
    Removing stm32f10x_rcc.o(i.RCC_WaitForHSEStartUp), (56 bytes).
    Removing stm32f10x_rcc.o(.data), (20 bytes).
    Removing stm32f10x_tim.o(i.TI1_Config), (128 bytes).
    Removing stm32f10x_tim.o(i.TI2_Config), (152 bytes).
    Removing stm32f10x_tim.o(i.TI3_Config), (144 bytes).
    Removing stm32f10x_tim.o(i.TI4_Config), (152 bytes).
    Removing stm32f10x_tim.o(i.TIM_ARRPreloadConfig), (24 bytes).
    Removing stm32f10x_tim.o(i.TIM_BDTRConfig), (32 bytes).
    Removing stm32f10x_tim.o(i.TIM_BDTRStructInit), (18 bytes).
    Removing stm32f10x_tim.o(i.TIM_CCPreloadControl), (24 bytes).
    Removing stm32f10x_tim.o(i.TIM_CCxCmd), (30 bytes).
    Removing stm32f10x_tim.o(i.TIM_CCxNCmd), (30 bytes).
    Removing stm32f10x_tim.o(i.TIM_ClearITPendingBit), (6 bytes).
    Removing stm32f10x_tim.o(i.TIM_ClearOC1Ref), (18 bytes).
    Removing stm32f10x_tim.o(i.TIM_ClearOC2Ref), (24 bytes).
    Removing stm32f10x_tim.o(i.TIM_ClearOC3Ref), (18 bytes).
    Removing stm32f10x_tim.o(i.TIM_ClearOC4Ref), (24 bytes).
    Removing stm32f10x_tim.o(i.TIM_CounterModeConfig), (18 bytes).
    Removing stm32f10x_tim.o(i.TIM_DMACmd), (18 bytes).
    Removing stm32f10x_tim.o(i.TIM_DMAConfig), (10 bytes).
    Removing stm32f10x_tim.o(i.TIM_DeInit), (488 bytes).
    Removing stm32f10x_tim.o(i.TIM_ETRClockMode1Config), (54 bytes).
    Removing stm32f10x_tim.o(i.TIM_ETRClockMode2Config), (32 bytes).
    Removing stm32f10x_tim.o(i.TIM_ETRConfig), (28 bytes).
    Removing stm32f10x_tim.o(i.TIM_EncoderInterfaceConfig), (66 bytes).
    Removing stm32f10x_tim.o(i.TIM_ForcedOC1Config), (18 bytes).
    Removing stm32f10x_tim.o(i.TIM_ForcedOC2Config), (26 bytes).
    Removing stm32f10x_tim.o(i.TIM_ForcedOC3Config), (18 bytes).
    Removing stm32f10x_tim.o(i.TIM_ForcedOC4Config), (26 bytes).
    Removing stm32f10x_tim.o(i.TIM_GenerateEvent), (4 bytes).
    Removing stm32f10x_tim.o(i.TIM_GetCapture1), (6 bytes).
    Removing stm32f10x_tim.o(i.TIM_GetCapture2), (6 bytes).
    Removing stm32f10x_tim.o(i.TIM_GetCapture3), (6 bytes).
    Removing stm32f10x_tim.o(i.TIM_GetCapture4), (8 bytes).
    Removing stm32f10x_tim.o(i.TIM_GetCounter), (6 bytes).
    Removing stm32f10x_tim.o(i.TIM_GetFlagStatus), (18 bytes).
    Removing stm32f10x_tim.o(i.TIM_GetPrescaler), (6 bytes).
    Removing stm32f10x_tim.o(i.TIM_ICInit), (172 bytes).
    Removing stm32f10x_tim.o(i.TIM_ICStructInit), (18 bytes).
    Removing stm32f10x_tim.o(i.TIM_ITRxExternalClockConfig), (24 bytes).
    Removing stm32f10x_tim.o(i.TIM_InternalClockConfig), (12 bytes).
    Removing stm32f10x_tim.o(i.TIM_OC1FastConfig), (18 bytes).
    Removing stm32f10x_tim.o(i.TIM_OC1NPolarityConfig), (18 bytes).
    Removing stm32f10x_tim.o(i.TIM_OC1PolarityConfig), (18 bytes).
    Removing stm32f10x_tim.o(i.TIM_OC2FastConfig), (26 bytes).
    Removing stm32f10x_tim.o(i.TIM_OC2Init), (164 bytes).
    Removing stm32f10x_tim.o(i.TIM_OC2NPolarityConfig), (26 bytes).
    Removing stm32f10x_tim.o(i.TIM_OC2PolarityConfig), (26 bytes).
    Removing stm32f10x_tim.o(i.TIM_OC2PreloadConfig), (26 bytes).
    Removing stm32f10x_tim.o(i.TIM_OC3FastConfig), (18 bytes).
    Removing stm32f10x_tim.o(i.TIM_OC3Init), (160 bytes).
    Removing stm32f10x_tim.o(i.TIM_OC3NPolarityConfig), (26 bytes).
    Removing stm32f10x_tim.o(i.TIM_OC3PolarityConfig), (26 bytes).
    Removing stm32f10x_tim.o(i.TIM_OC3PreloadConfig), (18 bytes).
    Removing stm32f10x_tim.o(i.TIM_OC4FastConfig), (26 bytes).
    Removing stm32f10x_tim.o(i.TIM_OC4PolarityConfig), (26 bytes).
    Removing stm32f10x_tim.o(i.TIM_OCStructInit), (20 bytes).
    Removing stm32f10x_tim.o(i.TIM_PWMIConfig), (124 bytes).
    Removing stm32f10x_tim.o(i.TIM_PrescalerConfig), (6 bytes).
    Removing stm32f10x_tim.o(i.TIM_SelectCCDMA), (24 bytes).
    Removing stm32f10x_tim.o(i.TIM_SelectCOM), (24 bytes).
    Removing stm32f10x_tim.o(i.TIM_SelectHallSensor), (24 bytes).
    Removing stm32f10x_tim.o(i.TIM_SelectInputTrigger), (18 bytes).
    Removing stm32f10x_tim.o(i.TIM_SelectMasterSlaveMode), (18 bytes).
    Removing stm32f10x_tim.o(i.TIM_SelectOCxM), (82 bytes).
    Removing stm32f10x_tim.o(i.TIM_SelectOnePulseMode), (18 bytes).
    Removing stm32f10x_tim.o(i.TIM_SelectOutputTrigger), (18 bytes).
    Removing stm32f10x_tim.o(i.TIM_SelectSlaveMode), (18 bytes).
    Removing stm32f10x_tim.o(i.TIM_SetAutoreload), (4 bytes).
    Removing stm32f10x_tim.o(i.TIM_SetClockDivision), (18 bytes).
    Removing stm32f10x_tim.o(i.TIM_SetCompare1), (4 bytes).
    Removing stm32f10x_tim.o(i.TIM_SetCompare2), (4 bytes).
    Removing stm32f10x_tim.o(i.TIM_SetCompare3), (4 bytes).
    Removing stm32f10x_tim.o(i.TIM_SetCompare4), (6 bytes).
    Removing stm32f10x_tim.o(i.TIM_SetCounter), (4 bytes).
    Removing stm32f10x_tim.o(i.TIM_SetIC1Prescaler), (18 bytes).
    Removing stm32f10x_tim.o(i.TIM_SetIC2Prescaler), (26 bytes).
    Removing stm32f10x_tim.o(i.TIM_SetIC3Prescaler), (18 bytes).
    Removing stm32f10x_tim.o(i.TIM_SetIC4Prescaler), (26 bytes).
    Removing stm32f10x_tim.o(i.TIM_TIxExternalClockConfig), (62 bytes).
    Removing stm32f10x_tim.o(i.TIM_TimeBaseStructInit), (18 bytes).
    Removing stm32f10x_tim.o(i.TIM_UpdateDisableConfig), (24 bytes).
    Removing stm32f10x_tim.o(i.TIM_UpdateRequestConfig), (24 bytes).
    Removing main.o(.data), (1 bytes).
    Removing system_stm32f10x.o(i.SystemCoreClockUpdate), (164 bytes).
    Removing system_stm32f10x.o(.data), (20 bytes).
    Removing comm.o(i.Comm_CanTxDataPut), (36 bytes).
    Removing comm.o(i.Comm_CanTxMultiDataPut), (208 bytes).
    Removing comm.o(i.Comm_CanTxSingleDataPut), (40 bytes).
    Removing comm_can.o(.bss), (3072 bytes).
    Removing comm_can_fifo.o(i.Comm_CAN_FIFO_Copy), (50 bytes).
    Removing comm_can_fifo.o(i.Comm_CAN_FIFO_TxDataPut), (82 bytes).
    Removing comm_can_fifo.o(i.Comm_CanMultiFIFOInit), (24 bytes).
    Removing comm_can_fifo.o(i.Comm_CanRxMulitDataPut), (170 bytes).
    Removing common.o(i.Common_HiByte), (6 bytes).
    Removing common.o(i.Common_LoByte), (6 bytes).
    Removing common.o(i.Delay_ms), (24 bytes).
    Removing common.o(i.Delay_us_SW), (28 bytes).
    Removing common.o(i.SoftReset), (48 bytes).
    Removing common.o(i.TimingDelay_Decrement), (24 bytes).
    Removing common.o(.data), (5 bytes).

204 unused section(s) (total 11518 bytes) removed from the image.

==============================================================================

Image Symbol Table

    Local Symbols

    Symbol Name                              Value     Ov Type        Size  Object(Section)

    ../clib/angel/boardlib.s                 0x00000000   Number         0  boardshut.o ABSOLUTE
    ../clib/angel/boardlib.s                 0x00000000   Number         0  boardinit3.o ABSOLUTE
    ../clib/angel/boardlib.s                 0x00000000   Number         0  boardinit2.o ABSOLUTE
    ../clib/angel/boardlib.s                 0x00000000   Number         0  boardinit1.o ABSOLUTE
    ../clib/angel/handlers.s                 0x00000000   Number         0  __scatter_zi.o ABSOLUTE
    ../clib/angel/handlers.s                 0x00000000   Number         0  __scatter_copy.o ABSOLUTE
    ../clib/angel/kernel.s                   0x00000000   Number         0  __rtentry4.o ABSOLUTE
    ../clib/angel/kernel.s                   0x00000000   Number         0  rtexit.o ABSOLUTE
    ../clib/angel/kernel.s                   0x00000000   Number         0  __rtentry.o ABSOLUTE
    ../clib/angel/kernel.s                   0x00000000   Number         0  __rtentry2.o ABSOLUTE
    ../clib/angel/kernel.s                   0x00000000   Number         0  rtexit2.o ABSOLUTE
    ../clib/angel/rt.s                       0x00000000   Number         0  rt_raise.o ABSOLUTE
    ../clib/angel/scatter.s                  0x00000000   Number         0  __scatter.o ABSOLUTE
    ../clib/angel/startup.s                  0x00000000   Number         0  __main.o ABSOLUTE
    ../clib/angel/sys.s                      0x00000000   Number         0  indicate_semi.o ABSOLUTE
    ../clib/angel/sys.s                      0x00000000   Number         0  use_no_semi.o ABSOLUTE
    ../clib/angel/sys.s                      0x00000000   Number         0  libspace.o ABSOLUTE
    ../clib/angel/sys.s                      0x00000000   Number         0  sys_stackheap_outer.o ABSOLUTE
    ../clib/angel/sysapp.c                   0x00000000   Number         0  sys_command.o ABSOLUTE
    ../clib/angel/sysapp.c                   0x00000000   Number         0  sys_wrch.o ABSOLUTE
    ../clib/angel/sysapp.c                   0x00000000   Number         0  sys_exit.o ABSOLUTE
    ../clib/armsys.c                         0x00000000   Number         0  no_argv.o ABSOLUTE
    ../clib/armsys.c                         0x00000000   Number         0  _get_argv_nomalloc.o ABSOLUTE
    ../clib/armsys.c                         0x00000000   Number         0  argv_veneer.o ABSOLUTE
    ../clib/armsys.c                         0x00000000   Number         0  argv_veneer.o ABSOLUTE
    ../clib/heapalloc.c                      0x00000000   Number         0  hrguard.o ABSOLUTE
    ../clib/heapaux.c                        0x00000000   Number         0  heapauxi.o ABSOLUTE
    ../clib/libinit.s                        0x00000000   Number         0  libinit2.o ABSOLUTE
    ../clib/libinit.s                        0x00000000   Number         0  libshutdown2.o ABSOLUTE
    ../clib/libinit.s                        0x00000000   Number         0  libinit.o ABSOLUTE
    ../clib/libinit.s                        0x00000000   Number         0  libshutdown.o ABSOLUTE
    ../clib/memcpset.s                       0x00000000   Number         0  rt_memclr.o ABSOLUTE
    ../clib/memcpset.s                       0x00000000   Number         0  rt_memcpy_v6.o ABSOLUTE
    ../clib/memcpset.s                       0x00000000   Number         0  rt_memclr_w.o ABSOLUTE
    ../clib/memcpset.s                       0x00000000   Number         0  rt_memcpy_w.o ABSOLUTE
    ../clib/signal.c                         0x00000000   Number         0  defsig_rtmem_inner.o ABSOLUTE
    ../clib/signal.c                         0x00000000   Number         0  defsig_exit.o ABSOLUTE
    ../clib/signal.c                         0x00000000   Number         0  defsig_rtmem_formal.o ABSOLUTE
    ../clib/signal.c                         0x00000000   Number         0  defsig_general.o ABSOLUTE
    ../clib/signal.c                         0x00000000   Number         0  defsig_segv_inner.o ABSOLUTE
    ../clib/signal.c                         0x00000000   Number         0  defsig_other.o ABSOLUTE
    ../clib/signal.c                         0x00000000   Number         0  defsig_cppl_inner.o ABSOLUTE
    ../clib/signal.c                         0x00000000   Number         0  defsig_stak_inner.o ABSOLUTE
    ../clib/signal.c                         0x00000000   Number         0  defsig_rtred_inner.o ABSOLUTE
    ../clib/signal.c                         0x00000000   Number         0  defsig_rtmem_outer.o ABSOLUTE
    ../clib/signal.c                         0x00000000   Number         0  defsig_fpe_inner.o ABSOLUTE
    ../clib/signal.c                         0x00000000   Number         0  defsig_abrt_inner.o ABSOLUTE
    ../clib/signal.c                         0x00000000   Number         0  defsig_pvfn_inner.o ABSOLUTE
    ../clib/signal.c                         0x00000000   Number         0  __raise.o ABSOLUTE
    ../clib/signal.s                         0x00000000   Number         0  defsig.o ABSOLUTE
    ../clib/stdlib.c                         0x00000000   Number         0  exit.o ABSOLUTE
    ../fplib/fpinit.s                        0x00000000   Number         0  fpinit.o ABSOLUTE
    Source\CORE\core_cm3.c                   0x00000000   Number         0  core_cm3.o ABSOLUTE
    Source\CORE\startup_stm32f10x_hd.s       0x00000000   Number         0  startup_stm32f10x_hd.o ABSOLUTE
    Source\FWLib\src\misc.c                  0x00000000   Number         0  misc.o ABSOLUTE
    Source\FWLib\src\stm32f10x_can.c         0x00000000   Number         0  stm32f10x_can.o ABSOLUTE
    Source\FWLib\src\stm32f10x_exti.c        0x00000000   Number         0  stm32f10x_exti.o ABSOLUTE
    Source\FWLib\src\stm32f10x_flash.c       0x00000000   Number         0  stm32f10x_flash.o ABSOLUTE
    Source\FWLib\src\stm32f10x_gpio.c        0x00000000   Number         0  stm32f10x_gpio.o ABSOLUTE
    Source\FWLib\src\stm32f10x_pwr.c         0x00000000   Number         0  stm32f10x_pwr.o ABSOLUTE
    Source\FWLib\src\stm32f10x_rcc.c         0x00000000   Number         0  stm32f10x_rcc.o ABSOLUTE
    Source\FWLib\src\stm32f10x_tim.c         0x00000000   Number         0  stm32f10x_tim.o ABSOLUTE
    Source\ISR\stm32f10x_it.c                0x00000000   Number         0  stm32f10x_it.o ABSOLUTE
    Source\Modules\Comm\Comm.c               0x00000000   Number         0  comm.o ABSOLUTE
    Source\Modules\Comm\Comm_CAN.c           0x00000000   Number         0  comm_can.o ABSOLUTE
    Source\Modules\Comm\Comm_CAN_FIFO.c      0x00000000   Number         0  comm_can_fifo.o ABSOLUTE
    Source\Modules\Common\Common.c           0x00000000   Number         0  common.o ABSOLUTE
    Source\Modules\Motor\Motor.c             0x00000000   Number         0  motor.o ABSOLUTE
    Source\Modules\Movement\Movement.c       0x00000000   Number         0  movement.o ABSOLUTE
    Source\Modules\Sensor\sensor.c           0x00000000   Number         0  sensor.o ABSOLUTE
    Source\System\Global_variable.c          0x00000000   Number         0  global_variable.o ABSOLUTE
    Source\System\main.c                     0x00000000   Number         0  main.o ABSOLUTE
    Source\System\system_stm32f10x.c         0x00000000   Number         0  system_stm32f10x.o ABSOLUTE
    Source\\CORE\\core_cm3.c                 0x00000000   Number         0  core_cm3.o ABSOLUTE
    dc.s                                     0x00000000   Number         0  dc.o ABSOLUTE
    RESET                                    0x08000000   Section      304  startup_stm32f10x_hd.o(RESET)
    !!!main                                  0x08000130   Section        8  __main.o(!!!main)
    !!!scatter                               0x08000138   Section       52  __scatter.o(!!!scatter)
    !!handler_copy                           0x0800016c   Section       26  __scatter_copy.o(!!handler_copy)
    !!handler_zi                             0x08000188   Section       28  __scatter_zi.o(!!handler_zi)
    .ARM.Collect$$libinit$$00000000          0x080001a4   Section        2  libinit.o(.ARM.Collect$$libinit$$00000000)
    .ARM.Collect$$libinit$$00000002          0x080001a6   Section        0  libinit2.o(.ARM.Collect$$libinit$$00000002)
    .ARM.Collect$$libinit$$00000004          0x080001a6   Section        0  libinit2.o(.ARM.Collect$$libinit$$00000004)
    .ARM.Collect$$libinit$$0000000A          0x080001a6   Section        0  libinit2.o(.ARM.Collect$$libinit$$0000000A)
    .ARM.Collect$$libinit$$0000000C          0x080001a6   Section        0  libinit2.o(.ARM.Collect$$libinit$$0000000C)
    .ARM.Collect$$libinit$$0000000E          0x080001a6   Section        0  libinit2.o(.ARM.Collect$$libinit$$0000000E)
    .ARM.Collect$$libinit$$00000011          0x080001a6   Section        0  libinit2.o(.ARM.Collect$$libinit$$00000011)
    .ARM.Collect$$libinit$$00000013          0x080001a6   Section        0  libinit2.o(.ARM.Collect$$libinit$$00000013)
    .ARM.Collect$$libinit$$00000015          0x080001a6   Section        0  libinit2.o(.ARM.Collect$$libinit$$00000015)
    .ARM.Collect$$libinit$$00000017          0x080001a6   Section        0  libinit2.o(.ARM.Collect$$libinit$$00000017)
    .ARM.Collect$$libinit$$00000019          0x080001a6   Section        0  libinit2.o(.ARM.Collect$$libinit$$00000019)
    .ARM.Collect$$libinit$$0000001B          0x080001a6   Section        0  libinit2.o(.ARM.Collect$$libinit$$0000001B)
    .ARM.Collect$$libinit$$0000001D          0x080001a6   Section        0  libinit2.o(.ARM.Collect$$libinit$$0000001D)
    .ARM.Collect$$libinit$$0000001F          0x080001a6   Section        0  libinit2.o(.ARM.Collect$$libinit$$0000001F)
    .ARM.Collect$$libinit$$00000021          0x080001a6   Section        0  libinit2.o(.ARM.Collect$$libinit$$00000021)
    .ARM.Collect$$libinit$$00000023          0x080001a6   Section        0  libinit2.o(.ARM.Collect$$libinit$$00000023)
    .ARM.Collect$$libinit$$00000025          0x080001a6   Section        0  libinit2.o(.ARM.Collect$$libinit$$00000025)
    .ARM.Collect$$libinit$$0000002C          0x080001a6   Section        0  libinit2.o(.ARM.Collect$$libinit$$0000002C)
    .ARM.Collect$$libinit$$0000002E          0x080001a6   Section        0  libinit2.o(.ARM.Collect$$libinit$$0000002E)
    .ARM.Collect$$libinit$$00000030          0x080001a6   Section        0  libinit2.o(.ARM.Collect$$libinit$$00000030)
    .ARM.Collect$$libinit$$00000032          0x080001a6   Section        0  libinit2.o(.ARM.Collect$$libinit$$00000032)
    .ARM.Collect$$libinit$$00000033          0x080001a6   Section        2  libinit2.o(.ARM.Collect$$libinit$$00000033)
    .ARM.Collect$$libshutdown$$00000000      0x080001a8   Section        2  libshutdown.o(.ARM.Collect$$libshutdown$$00000000)
    .ARM.Collect$$libshutdown$$00000003      0x080001aa   Section        0  libshutdown2.o(.ARM.Collect$$libshutdown$$00000003)
    .ARM.Collect$$libshutdown$$00000006      0x080001aa   Section        0  libshutdown2.o(.ARM.Collect$$libshutdown$$00000006)
    .ARM.Collect$$libshutdown$$00000009      0x080001aa   Section        0  libshutdown2.o(.ARM.Collect$$libshutdown$$00000009)
    .ARM.Collect$$libshutdown$$0000000B      0x080001aa   Section        0  libshutdown2.o(.ARM.Collect$$libshutdown$$0000000B)
    .ARM.Collect$$libshutdown$$0000000E      0x080001aa   Section        0  libshutdown2.o(.ARM.Collect$$libshutdown$$0000000E)
    .ARM.Collect$$libshutdown$$0000000F      0x080001aa   Section        2  libshutdown2.o(.ARM.Collect$$libshutdown$$0000000F)
    .ARM.Collect$$rtentry$$00000000          0x080001ac   Section        0  __rtentry.o(.ARM.Collect$$rtentry$$00000000)
    .ARM.Collect$$rtentry$$00000002          0x080001ac   Section        0  __rtentry2.o(.ARM.Collect$$rtentry$$00000002)
    .ARM.Collect$$rtentry$$00000004          0x080001ac   Section        6  __rtentry4.o(.ARM.Collect$$rtentry$$00000004)
    .ARM.Collect$$rtentry$$00000009          0x080001b2   Section        0  __rtentry2.o(.ARM.Collect$$rtentry$$00000009)
    .ARM.Collect$$rtentry$$0000000A          0x080001b2   Section        4  __rtentry2.o(.ARM.Collect$$rtentry$$0000000A)
    .ARM.Collect$$rtentry$$0000000C          0x080001b6   Section        0  __rtentry2.o(.ARM.Collect$$rtentry$$0000000C)
    .ARM.Collect$$rtentry$$0000000D          0x080001b6   Section        8  __rtentry2.o(.ARM.Collect$$rtentry$$0000000D)
    .ARM.Collect$$rtexit$$00000000           0x080001be   Section        2  rtexit.o(.ARM.Collect$$rtexit$$00000000)
    .ARM.Collect$$rtexit$$00000002           0x080001c0   Section        0  rtexit2.o(.ARM.Collect$$rtexit$$00000002)
    .ARM.Collect$$rtexit$$00000003           0x080001c0   Section        4  rtexit2.o(.ARM.Collect$$rtexit$$00000003)
    .ARM.Collect$$rtexit$$00000004           0x080001c4   Section        6  rtexit2.o(.ARM.Collect$$rtexit$$00000004)
    .text                                    0x080001cc   Section       64  startup_stm32f10x_hd.o(.text)
    .text                                    0x0800020c   Section      138  rt_memcpy_v6.o(.text)
    .text                                    0x08000296   Section       68  rt_memclr.o(.text)
    .text                                    0x080002da   Section        0  heapauxi.o(.text)
    .text                                    0x080002e0   Section      100  rt_memcpy_w.o(.text)
    .text                                    0x08000344   Section       78  rt_memclr_w.o(.text)
    .text                                    0x08000392   Section       74  sys_stackheap_outer.o(.text)
    .text                                    0x080003dc   Section        0  exit.o(.text)
    .text                                    0x080003e8   Section        8  libspace.o(.text)
    .text                                    0x080003f0   Section        0  sys_exit.o(.text)
    .text                                    0x080003fc   Section        2  use_no_semi.o(.text)
    .text                                    0x080003fe   Section        0  indicate_semi.o(.text)
    i.BusFault_Handler                       0x080003fe   Section        0  stm32f10x_it.o(i.BusFault_Handler)
    i.CAN_ClearITPendingBit                  0x08000404   Section        0  stm32f10x_can.o(i.CAN_ClearITPendingBit)
    i.CAN_FilterInit                         0x080004ac   Section        0  stm32f10x_can.o(i.CAN_FilterInit)
    i.CAN_GetITStatus                        0x080005b4   Section        0  stm32f10x_can.o(i.CAN_GetITStatus)
    i.CAN_ITConfig                           0x080006d4   Section        0  stm32f10x_can.o(i.CAN_ITConfig)
    i.CAN_Init                               0x080006e6   Section        0  stm32f10x_can.o(i.CAN_Init)
    i.CAN_Receive                            0x080007fa   Section        0  stm32f10x_can.o(i.CAN_Receive)
    i.CAN_Transmit                           0x080008ea   Section        0  stm32f10x_can.o(i.CAN_Transmit)
    i.CAN_TransmitStatus                     0x08000a10   Section        0  stm32f10x_can.o(i.CAN_TransmitStatus)
    i.CheckITStatus                          0x08000ab0   Section        0  stm32f10x_can.o(i.CheckITStatus)
    CheckITStatus                            0x08000ab1   Thumb Code    18  stm32f10x_can.o(i.CheckITStatus)
    i.Comm_CAN_FIFO_Init                     0x08000ac2   Section        0  comm_can_fifo.o(i.Comm_CAN_FIFO_Init)
    i.Comm_CAN_FIFO_RxDataGet                0x08000af8   Section        0  comm_can_fifo.o(i.Comm_CAN_FIFO_RxDataGet)
    i.Comm_CAN_FIFO_RxDataPut                0x08000b52   Section        0  comm_can_fifo.o(i.Comm_CAN_FIFO_RxDataPut)
    i.Comm_CAN_FIFO_TxDataGet                0x08000bcc   Section        0  comm_can_fifo.o(i.Comm_CAN_FIFO_TxDataGet)
    i.Comm_CAN_FilterInit                    0x08000c3c   Section        0  comm_can.o(i.Comm_CAN_FilterInit)
    Comm_CAN_FilterInit                      0x08000c3d   Thumb Code    84  comm_can.o(i.Comm_CAN_FilterInit)
    i.Comm_CAN_FilterNumInit                 0x08000c90   Section        0  comm_can.o(i.Comm_CAN_FilterNumInit)
    Comm_CAN_FilterNumInit                   0x08000c91   Thumb Code   102  comm_can.o(i.Comm_CAN_FilterNumInit)
    i.Comm_CAN_Init                          0x08000cf8   Section        0  comm_can.o(i.Comm_CAN_Init)
    i.Comm_CAN_SendOnePackage                0x08000dcc   Section        0  comm.o(i.Comm_CAN_SendOnePackage)
    i.Comm_CanDirectSend                     0x08000e2c   Section        0  comm.o(i.Comm_CanDirectSend)
    i.Comm_CanRxData                         0x08000ea4   Section        0  comm.o(i.Comm_CanRxData)
    i.Comm_CanRxDataGet                      0x08000eb8   Section        0  comm.o(i.Comm_CanRxDataGet)
    i.Comm_CanTxDataSend                     0x08000f58   Section        0  comm.o(i.Comm_CanTxDataSend)
    i.Comm_Init                              0x08000fac   Section        0  comm.o(i.Comm_Init)
    i.Comm_Process                           0x08000fc8   Section        0  comm.o(i.Comm_Process)
    i.Common_EXTI_Init                       0x08000fd4   Section        0  common.o(i.Common_EXTI_Init)
    i.DebugMon_Handler                       0x080010b0   Section        0  stm32f10x_it.o(i.DebugMon_Handler)
    i.Delay_ms_SW                            0x080010b2   Section        0  common.o(i.Delay_ms_SW)
    i.EXTI15_10_IRQHandler                   0x080010d0   Section        0  stm32f10x_it.o(i.EXTI15_10_IRQHandler)
    i.EXTI_ClearITPendingBit                 0x08001124   Section        0  stm32f10x_exti.o(i.EXTI_ClearITPendingBit)
    i.EXTI_GetITStatus                       0x08001130   Section        0  stm32f10x_exti.o(i.EXTI_GetITStatus)
    i.EXTI_Init                              0x08001158   Section        0  stm32f10x_exti.o(i.EXTI_Init)
    i.GPIO_EXTILineConfig                    0x080011ec   Section        0  stm32f10x_gpio.o(i.GPIO_EXTILineConfig)
    i.GPIO_Init                              0x0800122c   Section        0  stm32f10x_gpio.o(i.GPIO_Init)
    i.GPIO_PinRemapConfig                    0x08001344   Section        0  stm32f10x_gpio.o(i.GPIO_PinRemapConfig)
    i.GPIO_ReadInputDataBit                  0x080013d4   Section        0  stm32f10x_gpio.o(i.GPIO_ReadInputDataBit)
    i.GPIO_ResetBits                         0x080013e6   Section        0  stm32f10x_gpio.o(i.GPIO_ResetBits)
    i.GPIO_SetBits                           0x080013ea   Section        0  stm32f10x_gpio.o(i.GPIO_SetBits)
    i.HardFault_Handler                      0x080013ee   Section        0  stm32f10x_it.o(i.HardFault_Handler)
    i.MOTOR_PosSensor_Init                   0x080013f2   Section        0  sensor.o(i.MOTOR_PosSensor_Init)
    i.MOTOR_X_PosSensor_Init                 0x08001400   Section        0  sensor.o(i.MOTOR_X_PosSensor_Init)
    i.MOTOR_Z_PosSensor_Init                 0x0800142c   Section        0  sensor.o(i.MOTOR_Z_PosSensor_Init)
    i.MemManage_Handler                      0x08001458   Section        0  stm32f10x_it.o(i.MemManage_Handler)
    i.Motor_Init                             0x0800145c   Section        0  motor.o(i.Motor_Init)
    i.Motor_X_Init                           0x0800146c   Section        0  motor.o(i.Motor_X_Init)
    i.Motor_Z_Init                           0x0800156c   Section        0  motor.o(i.Motor_Z_Init)
    i.Movement_X_GotoTarget                  0x08001674   Section        0  movement.o(i.Movement_X_GotoTarget)
    i.Movement_X_MotorDriver_DIR             0x080016d4   Section        0  motor.o(i.Movement_X_MotorDriver_DIR)
    i.Movement_X_MotorDriver_EN              0x08001700   Section        0  motor.o(i.Movement_X_MotorDriver_EN)
    i.Movement_X_MotorDriver_PWM             0x08001724   Section        0  motor.o(i.Movement_X_MotorDriver_PWM)
    i.Movement_X_ReadPosSensor               0x08001740   Section        0  sensor.o(i.Movement_X_ReadPosSensor)
    i.Movement_X_ResetPosition               0x08001760   Section        0  movement.o(i.Movement_X_ResetPosition)
    i.Movement_X_Start                       0x0800176c   Section        0  motor.o(i.Movement_X_Start)
    i.Movement_X_Stop                        0x08001798   Section        0  motor.o(i.Movement_X_Stop)
    i.Movement_Z_GotoTarget                  0x080017b8   Section        0  movement.o(i.Movement_Z_GotoTarget)
    i.Movement_Z_MotorDriver_DIR             0x08001814   Section        0  motor.o(i.Movement_Z_MotorDriver_DIR)
    i.Movement_Z_MotorDriver_EN              0x08001834   Section        0  motor.o(i.Movement_Z_MotorDriver_EN)
    i.Movement_Z_MotorDriver_PWM             0x08001858   Section        0  motor.o(i.Movement_Z_MotorDriver_PWM)
    i.Movement_Z_ReadPosSensor               0x08001874   Section        0  sensor.o(i.Movement_Z_ReadPosSensor)
    i.Movement_Z_ResetPosition               0x08001894   Section        0  movement.o(i.Movement_Z_ResetPosition)
    i.Movement_Z_Start                       0x080018a0   Section        0  motor.o(i.Movement_Z_Start)
    i.Movement_Z_Stop                        0x080018cc   Section        0  motor.o(i.Movement_Z_Stop)
    i.NMI_Handler                            0x080018ec   Section        0  stm32f10x_it.o(i.NMI_Handler)
    i.NVIC_Init                              0x080018f0   Section        0  misc.o(i.NVIC_Init)
    i.NVIC_PriorityGroupConfig               0x08001960   Section        0  misc.o(i.NVIC_PriorityGroupConfig)
    i.PendSV_Handler                         0x08001974   Section        0  stm32f10x_it.o(i.PendSV_Handler)
    i.ProcessCMD_Infusion                    0x08001976   Section        0  movement.o(i.ProcessCMD_Infusion)
    i.ProcessCMD_Inject                      0x080019b4   Section        0  movement.o(i.ProcessCMD_Inject)
    i.RCC_APB1PeriphClockCmd                 0x08001a64   Section        0  stm32f10x_rcc.o(i.RCC_APB1PeriphClockCmd)
    i.RCC_APB2PeriphClockCmd                 0x08001a84   Section        0  stm32f10x_rcc.o(i.RCC_APB2PeriphClockCmd)
    i.Return_Zero_Position                   0x08001aa4   Section        0  movement.o(i.Return_Zero_Position)
    i.SVC_Handler                            0x08001aec   Section        0  stm32f10x_it.o(i.SVC_Handler)
    i.SetSysClock                            0x08001aee   Section        0  system_stm32f10x.o(i.SetSysClock)
    SetSysClock                              0x08001aef   Thumb Code     8  system_stm32f10x.o(i.SetSysClock)
    i.SetSysClockTo72                        0x08001af8   Section        0  system_stm32f10x.o(i.SetSysClockTo72)
    SetSysClockTo72                          0x08001af9   Thumb Code   214  system_stm32f10x.o(i.SetSysClockTo72)
    i.SysTick_Handler                        0x08001bd8   Section        0  stm32f10x_it.o(i.SysTick_Handler)
    i.SysTick_Init                           0x08001bdc   Section        0  common.o(i.SysTick_Init)
    i.SystemInit                             0x08001c3c   Section        0  system_stm32f10x.o(i.SystemInit)
    i.TIM3_IRQHandler                        0x08001c9c   Section        0  motor.o(i.TIM3_IRQHandler)
    i.TIM8_UP_IRQHandler                     0x08001d58   Section        0  motor.o(i.TIM8_UP_IRQHandler)
    i.TIM_ClearFlag                          0x08001e10   Section        0  stm32f10x_tim.o(i.TIM_ClearFlag)
    i.TIM_Cmd                                0x08001e16   Section        0  stm32f10x_tim.o(i.TIM_Cmd)
    i.TIM_CtrlPWMOutputs                     0x08001e2e   Section        0  stm32f10x_tim.o(i.TIM_CtrlPWMOutputs)
    i.TIM_GetITStatus                        0x08001e4c   Section        0  stm32f10x_tim.o(i.TIM_GetITStatus)
    i.TIM_ITConfig                           0x08001e6e   Section        0  stm32f10x_tim.o(i.TIM_ITConfig)
    i.TIM_OC1Init                            0x08001e80   Section        0  stm32f10x_tim.o(i.TIM_OC1Init)
    i.TIM_OC1PreloadConfig                   0x08001f18   Section        0  stm32f10x_tim.o(i.TIM_OC1PreloadConfig)
    i.TIM_OC4Init                            0x08001f2c   Section        0  stm32f10x_tim.o(i.TIM_OC4Init)
    i.TIM_OC4PreloadConfig                   0x08001fa8   Section        0  stm32f10x_tim.o(i.TIM_OC4PreloadConfig)
    i.TIM_TimeBaseInit                       0x08001fc4   Section        0  stm32f10x_tim.o(i.TIM_TimeBaseInit)
    i.USB_LP_CAN1_RX0_IRQHandler             0x08002068   Section        0  comm_can.o(i.USB_LP_CAN1_RX0_IRQHandler)
    i.UsageFault_Handler                     0x080020a8   Section        0  stm32f10x_it.o(i.UsageFault_Handler)
    i.main                                   0x080020ac   Section        0  main.o(i.main)
    .data                                    0x20000000   Section       18  global_variable.o(.data)
    .data                                    0x20000014   Section       12  movement.o(.data)
    .bss                                     0x20000020   Section      289  comm_can_fifo.o(.bss)
    .bss                                     0x20000144   Section       96  libspace.o(.bss)
    HEAP                                     0x200001a8   Section      512  startup_stm32f10x_hd.o(HEAP)
    Heap_Mem                                 0x200001a8   Data         512  startup_stm32f10x_hd.o(HEAP)
    STACK                                    0x200003a8   Section     2048  startup_stm32f10x_hd.o(STACK)
    Stack_Mem                                0x200003a8   Data        2048  startup_stm32f10x_hd.o(STACK)
    __initial_sp                             0x20000ba8   Data           0  startup_stm32f10x_hd.o(STACK)

    Global Symbols

    Symbol Name                              Value     Ov Type        Size  Object(Section)

    BuildAttributes$$THM_ISAv4$P$D$K$B$S$PE$A:L22UL41UL21$X:L11$S22US41US21$IEEE1$IW$USESV6$~STKCKD$USESV7$~SHL$OSPACE$ROPI$EBA8$UX$STANDARDLIB$REQ8$PRES8$EABIv2 0x00000000   Number         0  anon$$obj.o ABSOLUTE
    __ARM_use_no_argv                        0x00000000   Number         0  main.o ABSOLUTE
    __ARM_exceptions_init                     - Undefined Weak Reference
    __alloca_initialize                       - Undefined Weak Reference
    __arm_preinit_                            - Undefined Weak Reference
    __cpp_initialize__aeabi_                  - Undefined Weak Reference
    __cxa_finalize                            - Undefined Weak Reference
    __rt_locale                               - Undefined Weak Reference
    __sigvec_lookup                           - Undefined Weak Reference
    _atexit_init                              - Undefined Weak Reference
    _call_atexit_fns                          - Undefined Weak Reference
    _clock_init                               - Undefined Weak Reference
    _fp_trap_init                             - Undefined Weak Reference
    _fp_trap_shutdown                         - Undefined Weak Reference
    _get_lc_collate                           - Undefined Weak Reference
    _get_lc_ctype                             - Undefined Weak Reference
    _get_lc_monetary                          - Undefined Weak Reference
    _get_lc_numeric                           - Undefined Weak Reference
    _get_lc_time                              - Undefined Weak Reference
    _getenv_init                              - Undefined Weak Reference
    _handle_redirection                       - Undefined Weak Reference
    _init_alloc                               - Undefined Weak Reference
    _init_user_alloc                          - Undefined Weak Reference
    _initio                                   - Undefined Weak Reference
    _rand_init                                - Undefined Weak Reference
    _signal_finish                            - Undefined Weak Reference
    _signal_init                              - Undefined Weak Reference
    _terminate_alloc                          - Undefined Weak Reference
    _terminate_user_alloc                     - Undefined Weak Reference
    _terminateio                              - Undefined Weak Reference
    __Vectors_Size                           0x00000130   Number         0  startup_stm32f10x_hd.o ABSOLUTE
    __Vectors                                0x08000000   Data           4  startup_stm32f10x_hd.o(RESET)
    __Vectors_End                            0x08000130   Data           0  startup_stm32f10x_hd.o(RESET)
    __main                                   0x08000131   Thumb Code     8  __main.o(!!!main)
    __scatterload                            0x08000139   Thumb Code     0  __scatter.o(!!!scatter)
    __scatterload_rt2                        0x08000139   Thumb Code    44  __scatter.o(!!!scatter)
    __scatterload_rt2_thumb_only             0x08000139   Thumb Code     0  __scatter.o(!!!scatter)
    __scatterload_null                       0x08000147   Thumb Code     0  __scatter.o(!!!scatter)
    __scatterload_copy                       0x0800016d   Thumb Code    26  __scatter_copy.o(!!handler_copy)
    __scatterload_zeroinit                   0x08000189   Thumb Code    28  __scatter_zi.o(!!handler_zi)
    __rt_lib_init                            0x080001a5   Thumb Code     0  libinit.o(.ARM.Collect$$libinit$$00000000)
    __rt_lib_init_alloca_1                   0x080001a7   Thumb Code     0  libinit2.o(.ARM.Collect$$libinit$$0000002E)
    __rt_lib_init_argv_1                     0x080001a7   Thumb Code     0  libinit2.o(.ARM.Collect$$libinit$$0000002C)
    __rt_lib_init_atexit_1                   0x080001a7   Thumb Code     0  libinit2.o(.ARM.Collect$$libinit$$0000001B)
    __rt_lib_init_clock_1                    0x080001a7   Thumb Code     0  libinit2.o(.ARM.Collect$$libinit$$00000021)
    __rt_lib_init_cpp_1                      0x080001a7   Thumb Code     0  libinit2.o(.ARM.Collect$$libinit$$00000032)
    __rt_lib_init_exceptions_1               0x080001a7   Thumb Code     0  libinit2.o(.ARM.Collect$$libinit$$00000030)
    __rt_lib_init_fp_1                       0x080001a7   Thumb Code     0  libinit2.o(.ARM.Collect$$libinit$$00000002)
    __rt_lib_init_fp_trap_1                  0x080001a7   Thumb Code     0  libinit2.o(.ARM.Collect$$libinit$$0000001F)
    __rt_lib_init_getenv_1                   0x080001a7   Thumb Code     0  libinit2.o(.ARM.Collect$$libinit$$00000023)
    __rt_lib_init_heap_1                     0x080001a7   Thumb Code     0  libinit2.o(.ARM.Collect$$libinit$$0000000A)
    __rt_lib_init_lc_collate_1               0x080001a7   Thumb Code     0  libinit2.o(.ARM.Collect$$libinit$$00000011)
    __rt_lib_init_lc_ctype_1                 0x080001a7   Thumb Code     0  libinit2.o(.ARM.Collect$$libinit$$00000013)
    __rt_lib_init_lc_monetary_1              0x080001a7   Thumb Code     0  libinit2.o(.ARM.Collect$$libinit$$00000015)
    __rt_lib_init_lc_numeric_1               0x080001a7   Thumb Code     0  libinit2.o(.ARM.Collect$$libinit$$00000017)
    __rt_lib_init_lc_time_1                  0x080001a7   Thumb Code     0  libinit2.o(.ARM.Collect$$libinit$$00000019)
    __rt_lib_init_preinit_1                  0x080001a7   Thumb Code     0  libinit2.o(.ARM.Collect$$libinit$$00000004)
    __rt_lib_init_rand_1                     0x080001a7   Thumb Code     0  libinit2.o(.ARM.Collect$$libinit$$0000000E)
    __rt_lib_init_return                     0x080001a7   Thumb Code     0  libinit2.o(.ARM.Collect$$libinit$$00000033)
    __rt_lib_init_signal_1                   0x080001a7   Thumb Code     0  libinit2.o(.ARM.Collect$$libinit$$0000001D)
    __rt_lib_init_stdio_1                    0x080001a7   Thumb Code     0  libinit2.o(.ARM.Collect$$libinit$$00000025)
    __rt_lib_init_user_alloc_1               0x080001a7   Thumb Code     0  libinit2.o(.ARM.Collect$$libinit$$0000000C)
    __rt_lib_shutdown                        0x080001a9   Thumb Code     0  libshutdown.o(.ARM.Collect$$libshutdown$$00000000)
    __rt_lib_shutdown_fp_trap_1              0x080001ab   Thumb Code     0  libshutdown2.o(.ARM.Collect$$libshutdown$$00000006)
    __rt_lib_shutdown_heap_1                 0x080001ab   Thumb Code     0  libshutdown2.o(.ARM.Collect$$libshutdown$$0000000E)
    __rt_lib_shutdown_return                 0x080001ab   Thumb Code     0  libshutdown2.o(.ARM.Collect$$libshutdown$$0000000F)
    __rt_lib_shutdown_signal_1               0x080001ab   Thumb Code     0  libshutdown2.o(.ARM.Collect$$libshutdown$$00000009)
    __rt_lib_shutdown_stdio_1                0x080001ab   Thumb Code     0  libshutdown2.o(.ARM.Collect$$libshutdown$$00000003)
    __rt_lib_shutdown_user_alloc_1           0x080001ab   Thumb Code     0  libshutdown2.o(.ARM.Collect$$libshutdown$$0000000B)
    __rt_entry                               0x080001ad   Thumb Code     0  __rtentry.o(.ARM.Collect$$rtentry$$00000000)
    __rt_entry_presh_1                       0x080001ad   Thumb Code     0  __rtentry2.o(.ARM.Collect$$rtentry$$00000002)
    __rt_entry_sh                            0x080001ad   Thumb Code     0  __rtentry4.o(.ARM.Collect$$rtentry$$00000004)
    __rt_entry_li                            0x080001b3   Thumb Code     0  __rtentry2.o(.ARM.Collect$$rtentry$$0000000A)
    __rt_entry_postsh_1                      0x080001b3   Thumb Code     0  __rtentry2.o(.ARM.Collect$$rtentry$$00000009)
    __rt_entry_main                          0x080001b7   Thumb Code     0  __rtentry2.o(.ARM.Collect$$rtentry$$0000000D)
    __rt_entry_postli_1                      0x080001b7   Thumb Code     0  __rtentry2.o(.ARM.Collect$$rtentry$$0000000C)
    __rt_exit                                0x080001bf   Thumb Code     0  rtexit.o(.ARM.Collect$$rtexit$$00000000)
    __rt_exit_ls                             0x080001c1   Thumb Code     0  rtexit2.o(.ARM.Collect$$rtexit$$00000003)
    __rt_exit_prels_1                        0x080001c1   Thumb Code     0  rtexit2.o(.ARM.Collect$$rtexit$$00000002)
    __rt_exit_exit                           0x080001c5   Thumb Code     0  rtexit2.o(.ARM.Collect$$rtexit$$00000004)
    Reset_Handler                            0x080001cd   Thumb Code     8  startup_stm32f10x_hd.o(.text)
    ADC1_2_IRQHandler                        0x080001e7   Thumb Code     0  startup_stm32f10x_hd.o(.text)
    ADC3_IRQHandler                          0x080001e7   Thumb Code     0  startup_stm32f10x_hd.o(.text)
    CAN1_RX1_IRQHandler                      0x080001e7   Thumb Code     0  startup_stm32f10x_hd.o(.text)
    CAN1_SCE_IRQHandler                      0x080001e7   Thumb Code     0  startup_stm32f10x_hd.o(.text)
    DMA1_Channel1_IRQHandler                 0x080001e7   Thumb Code     0  startup_stm32f10x_hd.o(.text)
    DMA1_Channel2_IRQHandler                 0x080001e7   Thumb Code     0  startup_stm32f10x_hd.o(.text)
    DMA1_Channel3_IRQHandler                 0x080001e7   Thumb Code     0  startup_stm32f10x_hd.o(.text)
    DMA1_Channel4_IRQHandler                 0x080001e7   Thumb Code     0  startup_stm32f10x_hd.o(.text)
    DMA1_Channel5_IRQHandler                 0x080001e7   Thumb Code     0  startup_stm32f10x_hd.o(.text)
    DMA1_Channel6_IRQHandler                 0x080001e7   Thumb Code     0  startup_stm32f10x_hd.o(.text)
    DMA1_Channel7_IRQHandler                 0x080001e7   Thumb Code     0  startup_stm32f10x_hd.o(.text)
    DMA2_Channel1_IRQHandler                 0x080001e7   Thumb Code     0  startup_stm32f10x_hd.o(.text)
    DMA2_Channel2_IRQHandler                 0x080001e7   Thumb Code     0  startup_stm32f10x_hd.o(.text)
    DMA2_Channel3_IRQHandler                 0x080001e7   Thumb Code     0  startup_stm32f10x_hd.o(.text)
    DMA2_Channel4_5_IRQHandler               0x080001e7   Thumb Code     0  startup_stm32f10x_hd.o(.text)
    EXTI0_IRQHandler                         0x080001e7   Thumb Code     0  startup_stm32f10x_hd.o(.text)
    EXTI1_IRQHandler                         0x080001e7   Thumb Code     0  startup_stm32f10x_hd.o(.text)
    EXTI2_IRQHandler                         0x080001e7   Thumb Code     0  startup_stm32f10x_hd.o(.text)
    EXTI3_IRQHandler                         0x080001e7   Thumb Code     0  startup_stm32f10x_hd.o(.text)
    EXTI4_IRQHandler                         0x080001e7   Thumb Code     0  startup_stm32f10x_hd.o(.text)
    EXTI9_5_IRQHandler                       0x080001e7   Thumb Code     0  startup_stm32f10x_hd.o(.text)
    FLASH_IRQHandler                         0x080001e7   Thumb Code     0  startup_stm32f10x_hd.o(.text)
    FSMC_IRQHandler                          0x080001e7   Thumb Code     0  startup_stm32f10x_hd.o(.text)
    I2C1_ER_IRQHandler                       0x080001e7   Thumb Code     0  startup_stm32f10x_hd.o(.text)
    I2C1_EV_IRQHandler                       0x080001e7   Thumb Code     0  startup_stm32f10x_hd.o(.text)
    I2C2_ER_IRQHandler                       0x080001e7   Thumb Code     0  startup_stm32f10x_hd.o(.text)
    I2C2_EV_IRQHandler                       0x080001e7   Thumb Code     0  startup_stm32f10x_hd.o(.text)
    PVD_IRQHandler                           0x080001e7   Thumb Code     0  startup_stm32f10x_hd.o(.text)
    RCC_IRQHandler                           0x080001e7   Thumb Code     0  startup_stm32f10x_hd.o(.text)
    RTCAlarm_IRQHandler                      0x080001e7   Thumb Code     0  startup_stm32f10x_hd.o(.text)
    RTC_IRQHandler                           0x080001e7   Thumb Code     0  startup_stm32f10x_hd.o(.text)
    SDIO_IRQHandler                          0x080001e7   Thumb Code     0  startup_stm32f10x_hd.o(.text)
    SPI1_IRQHandler                          0x080001e7   Thumb Code     0  startup_stm32f10x_hd.o(.text)
    SPI2_IRQHandler                          0x080001e7   Thumb Code     0  startup_stm32f10x_hd.o(.text)
    SPI3_IRQHandler                          0x080001e7   Thumb Code     0  startup_stm32f10x_hd.o(.text)
    TAMPER_IRQHandler                        0x080001e7   Thumb Code     0  startup_stm32f10x_hd.o(.text)
    TIM1_BRK_IRQHandler                      0x080001e7   Thumb Code     0  startup_stm32f10x_hd.o(.text)
    TIM1_CC_IRQHandler                       0x080001e7   Thumb Code     0  startup_stm32f10x_hd.o(.text)
    TIM1_TRG_COM_IRQHandler                  0x080001e7   Thumb Code     0  startup_stm32f10x_hd.o(.text)
    TIM1_UP_IRQHandler                       0x080001e7   Thumb Code     0  startup_stm32f10x_hd.o(.text)
    TIM2_IRQHandler                          0x080001e7   Thumb Code     0  startup_stm32f10x_hd.o(.text)
    TIM4_IRQHandler                          0x080001e7   Thumb Code     0  startup_stm32f10x_hd.o(.text)
    TIM5_IRQHandler                          0x080001e7   Thumb Code     0  startup_stm32f10x_hd.o(.text)
    TIM6_IRQHandler                          0x080001e7   Thumb Code     0  startup_stm32f10x_hd.o(.text)
    TIM7_IRQHandler                          0x080001e7   Thumb Code     0  startup_stm32f10x_hd.o(.text)
    TIM8_BRK_IRQHandler                      0x080001e7   Thumb Code     0  startup_stm32f10x_hd.o(.text)
    TIM8_CC_IRQHandler                       0x080001e7   Thumb Code     0  startup_stm32f10x_hd.o(.text)
    TIM8_TRG_COM_IRQHandler                  0x080001e7   Thumb Code     0  startup_stm32f10x_hd.o(.text)
    UART4_IRQHandler                         0x080001e7   Thumb Code     0  startup_stm32f10x_hd.o(.text)
    UART5_IRQHandler                         0x080001e7   Thumb Code     0  startup_stm32f10x_hd.o(.text)
    USART1_IRQHandler                        0x080001e7   Thumb Code     0  startup_stm32f10x_hd.o(.text)
    USART2_IRQHandler                        0x080001e7   Thumb Code     0  startup_stm32f10x_hd.o(.text)
    USART3_IRQHandler                        0x080001e7   Thumb Code     0  startup_stm32f10x_hd.o(.text)
    USBWakeUp_IRQHandler                     0x080001e7   Thumb Code     0  startup_stm32f10x_hd.o(.text)
    USB_HP_CAN1_TX_IRQHandler                0x080001e7   Thumb Code     0  startup_stm32f10x_hd.o(.text)
    WWDG_IRQHandler                          0x080001e7   Thumb Code     0  startup_stm32f10x_hd.o(.text)
    __user_initial_stackheap                 0x080001e9   Thumb Code     0  startup_stm32f10x_hd.o(.text)
    __aeabi_memcpy                           0x0800020d   Thumb Code     0  rt_memcpy_v6.o(.text)
    __rt_memcpy                              0x0800020d   Thumb Code   138  rt_memcpy_v6.o(.text)
    _memcpy_lastbytes                        0x08000273   Thumb Code     0  rt_memcpy_v6.o(.text)
    __aeabi_memclr                           0x08000297   Thumb Code     0  rt_memclr.o(.text)
    __rt_memclr                              0x08000297   Thumb Code    68  rt_memclr.o(.text)
    _memset                                  0x0800029b   Thumb Code     0  rt_memclr.o(.text)
    __use_two_region_memory                  0x080002db   Thumb Code     2  heapauxi.o(.text)
    __rt_heap_escrow$2region                 0x080002dd   Thumb Code     2  heapauxi.o(.text)
    __rt_heap_expand$2region                 0x080002df   Thumb Code     2  heapauxi.o(.text)
    __aeabi_memcpy4                          0x080002e1   Thumb Code     0  rt_memcpy_w.o(.text)
    __aeabi_memcpy8                          0x080002e1   Thumb Code     0  rt_memcpy_w.o(.text)
    __rt_memcpy_w                            0x080002e1   Thumb Code   100  rt_memcpy_w.o(.text)
    _memcpy_lastbytes_aligned                0x08000329   Thumb Code     0  rt_memcpy_w.o(.text)
    __aeabi_memclr4                          0x08000345   Thumb Code     0  rt_memclr_w.o(.text)
    __aeabi_memclr8                          0x08000345   Thumb Code     0  rt_memclr_w.o(.text)
    __rt_memclr_w                            0x08000345   Thumb Code    78  rt_memclr_w.o(.text)
    _memset_w                                0x08000349   Thumb Code     0  rt_memclr_w.o(.text)
    __user_setup_stackheap                   0x08000393   Thumb Code    74  sys_stackheap_outer.o(.text)
    exit                                     0x080003dd   Thumb Code    12  exit.o(.text)
    __user_libspace                          0x080003e9   Thumb Code     8  libspace.o(.text)
    __user_perproc_libspace                  0x080003e9   Thumb Code     0  libspace.o(.text)
    __user_perthread_libspace                0x080003e9   Thumb Code     0  libspace.o(.text)
    _sys_exit                                0x080003f1   Thumb Code     8  sys_exit.o(.text)
    __I$use$semihosting                      0x080003fd   Thumb Code     0  use_no_semi.o(.text)
    __use_no_semihosting_swi                 0x080003fd   Thumb Code     2  use_no_semi.o(.text)
    BusFault_Handler                         0x080003ff   Thumb Code     4  stm32f10x_it.o(i.BusFault_Handler)
    __semihosting_library_function           0x080003ff   Thumb Code     0  indicate_semi.o(.text)
    CAN_ClearITPendingBit                    0x08000405   Thumb Code   162  stm32f10x_can.o(i.CAN_ClearITPendingBit)
    CAN_FilterInit                           0x080004ad   Thumb Code   258  stm32f10x_can.o(i.CAN_FilterInit)
    CAN_GetITStatus                          0x080005b5   Thumb Code   284  stm32f10x_can.o(i.CAN_GetITStatus)
    CAN_ITConfig                             0x080006d5   Thumb Code    18  stm32f10x_can.o(i.CAN_ITConfig)
    CAN_Init                                 0x080006e7   Thumb Code   276  stm32f10x_can.o(i.CAN_Init)
    CAN_Receive                              0x080007fb   Thumb Code   240  stm32f10x_can.o(i.CAN_Receive)
    CAN_Transmit                             0x080008eb   Thumb Code   294  stm32f10x_can.o(i.CAN_Transmit)
    CAN_TransmitStatus                       0x08000a11   Thumb Code   138  stm32f10x_can.o(i.CAN_TransmitStatus)
    Comm_CAN_FIFO_Init                       0x08000ac3   Thumb Code    54  comm_can_fifo.o(i.Comm_CAN_FIFO_Init)
    Comm_CAN_FIFO_RxDataGet                  0x08000af9   Thumb Code    90  comm_can_fifo.o(i.Comm_CAN_FIFO_RxDataGet)
    Comm_CAN_FIFO_RxDataPut                  0x08000b53   Thumb Code   122  comm_can_fifo.o(i.Comm_CAN_FIFO_RxDataPut)
    Comm_CAN_FIFO_TxDataGet                  0x08000bcd   Thumb Code   112  comm_can_fifo.o(i.Comm_CAN_FIFO_TxDataGet)
    Comm_CAN_Init                            0x08000cf9   Thumb Code   202  comm_can.o(i.Comm_CAN_Init)
    Comm_CAN_SendOnePackage                  0x08000dcd   Thumb Code    90  comm.o(i.Comm_CAN_SendOnePackage)
    Comm_CanDirectSend                       0x08000e2d   Thumb Code   120  comm.o(i.Comm_CanDirectSend)
    Comm_CanRxData                           0x08000ea5   Thumb Code    20  comm.o(i.Comm_CanRxData)
    Comm_CanRxDataGet                        0x08000eb9   Thumb Code   136  comm.o(i.Comm_CanRxDataGet)
    Comm_CanTxDataSend                       0x08000f59   Thumb Code    76  comm.o(i.Comm_CanTxDataSend)
    Comm_Init                                0x08000fad   Thumb Code    20  comm.o(i.Comm_Init)
    Comm_Process                             0x08000fc9   Thumb Code    12  comm.o(i.Comm_Process)
    Common_EXTI_Init                         0x08000fd5   Thumb Code   200  common.o(i.Common_EXTI_Init)
    DebugMon_Handler                         0x080010b1   Thumb Code     2  stm32f10x_it.o(i.DebugMon_Handler)
    Delay_ms_SW                              0x080010b3   Thumb Code    30  common.o(i.Delay_ms_SW)
    EXTI15_10_IRQHandler                     0x080010d1   Thumb Code    66  stm32f10x_it.o(i.EXTI15_10_IRQHandler)
    EXTI_ClearITPendingBit                   0x08001125   Thumb Code     6  stm32f10x_exti.o(i.EXTI_ClearITPendingBit)
    EXTI_GetITStatus                         0x08001131   Thumb Code    34  stm32f10x_exti.o(i.EXTI_GetITStatus)
    EXTI_Init                                0x08001159   Thumb Code   142  stm32f10x_exti.o(i.EXTI_Init)
    GPIO_EXTILineConfig                      0x080011ed   Thumb Code    60  stm32f10x_gpio.o(i.GPIO_EXTILineConfig)
    GPIO_Init                                0x0800122d   Thumb Code   278  stm32f10x_gpio.o(i.GPIO_Init)
    GPIO_PinRemapConfig                      0x08001345   Thumb Code   138  stm32f10x_gpio.o(i.GPIO_PinRemapConfig)
    GPIO_ReadInputDataBit                    0x080013d5   Thumb Code    18  stm32f10x_gpio.o(i.GPIO_ReadInputDataBit)
    GPIO_ResetBits                           0x080013e7   Thumb Code     4  stm32f10x_gpio.o(i.GPIO_ResetBits)
    GPIO_SetBits                             0x080013eb   Thumb Code     4  stm32f10x_gpio.o(i.GPIO_SetBits)
    HardFault_Handler                        0x080013ef   Thumb Code     4  stm32f10x_it.o(i.HardFault_Handler)
    MOTOR_PosSensor_Init                     0x080013f3   Thumb Code    12  sensor.o(i.MOTOR_PosSensor_Init)
    MOTOR_X_PosSensor_Init                   0x08001401   Thumb Code    40  sensor.o(i.MOTOR_X_PosSensor_Init)
    MOTOR_Z_PosSensor_Init                   0x0800142d   Thumb Code    40  sensor.o(i.MOTOR_Z_PosSensor_Init)
    MemManage_Handler                        0x08001459   Thumb Code     4  stm32f10x_it.o(i.MemManage_Handler)
    Motor_Init                               0x0800145d   Thumb Code    16  motor.o(i.Motor_Init)
    Motor_X_Init                             0x0800146d   Thumb Code   238  motor.o(i.Motor_X_Init)
    Motor_Z_Init                             0x0800156d   Thumb Code   252  motor.o(i.Motor_Z_Init)
    Movement_X_GotoTarget                    0x08001675   Thumb Code    78  movement.o(i.Movement_X_GotoTarget)
    Movement_X_MotorDriver_DIR               0x080016d5   Thumb Code    34  motor.o(i.Movement_X_MotorDriver_DIR)
    Movement_X_MotorDriver_EN                0x08001701   Thumb Code    30  motor.o(i.Movement_X_MotorDriver_EN)
    Movement_X_MotorDriver_PWM               0x08001725   Thumb Code    22  motor.o(i.Movement_X_MotorDriver_PWM)
    Movement_X_ReadPosSensor                 0x08001741   Thumb Code    28  sensor.o(i.Movement_X_ReadPosSensor)
    Movement_X_ResetPosition                 0x08001761   Thumb Code     8  movement.o(i.Movement_X_ResetPosition)
    Movement_X_Start                         0x0800176d   Thumb Code    38  motor.o(i.Movement_X_Start)
    Movement_X_Stop                          0x08001799   Thumb Code    24  motor.o(i.Movement_X_Stop)
    Movement_Z_GotoTarget                    0x080017b9   Thumb Code    76  movement.o(i.Movement_Z_GotoTarget)
    Movement_Z_MotorDriver_DIR               0x08001815   Thumb Code    28  motor.o(i.Movement_Z_MotorDriver_DIR)
    Movement_Z_MotorDriver_EN                0x08001835   Thumb Code    30  motor.o(i.Movement_Z_MotorDriver_EN)
    Movement_Z_MotorDriver_PWM               0x08001859   Thumb Code    22  motor.o(i.Movement_Z_MotorDriver_PWM)
    Movement_Z_ReadPosSensor                 0x08001875   Thumb Code    28  sensor.o(i.Movement_Z_ReadPosSensor)
    Movement_Z_ResetPosition                 0x08001895   Thumb Code     8  movement.o(i.Movement_Z_ResetPosition)
    Movement_Z_Start                         0x080018a1   Thumb Code    38  motor.o(i.Movement_Z_Start)
    Movement_Z_Stop                          0x080018cd   Thumb Code    24  motor.o(i.Movement_Z_Stop)
    NMI_Handler                              0x080018ed   Thumb Code     2  stm32f10x_it.o(i.NMI_Handler)
    NVIC_Init                                0x080018f1   Thumb Code   100  misc.o(i.NVIC_Init)
    NVIC_PriorityGroupConfig                 0x08001961   Thumb Code    10  misc.o(i.NVIC_PriorityGroupConfig)
    PendSV_Handler                           0x08001975   Thumb Code     2  stm32f10x_it.o(i.PendSV_Handler)
    ProcessCMD_Infusion                      0x08001977   Thumb Code    62  movement.o(i.ProcessCMD_Infusion)
    ProcessCMD_Inject                        0x080019b5   Thumb Code   160  movement.o(i.ProcessCMD_Inject)
    RCC_APB1PeriphClockCmd                   0x08001a65   Thumb Code    26  stm32f10x_rcc.o(i.RCC_APB1PeriphClockCmd)
    RCC_APB2PeriphClockCmd                   0x08001a85   Thumb Code    26  stm32f10x_rcc.o(i.RCC_APB2PeriphClockCmd)
    Return_Zero_Position                     0x08001aa5   Thumb Code    66  movement.o(i.Return_Zero_Position)
    SVC_Handler                              0x08001aed   Thumb Code     2  stm32f10x_it.o(i.SVC_Handler)
    SysTick_Handler                          0x08001bd9   Thumb Code     2  stm32f10x_it.o(i.SysTick_Handler)
    SysTick_Init                             0x08001bdd   Thumb Code    82  common.o(i.SysTick_Init)
    SystemInit                               0x08001c3d   Thumb Code    78  system_stm32f10x.o(i.SystemInit)
    TIM3_IRQHandler                          0x08001c9d   Thumb Code   162  motor.o(i.TIM3_IRQHandler)
    TIM8_UP_IRQHandler                       0x08001d59   Thumb Code   160  motor.o(i.TIM8_UP_IRQHandler)
    TIM_ClearFlag                            0x08001e11   Thumb Code     6  stm32f10x_tim.o(i.TIM_ClearFlag)
    TIM_Cmd                                  0x08001e17   Thumb Code    24  stm32f10x_tim.o(i.TIM_Cmd)
    TIM_CtrlPWMOutputs                       0x08001e2f   Thumb Code    30  stm32f10x_tim.o(i.TIM_CtrlPWMOutputs)
    TIM_GetITStatus                          0x08001e4d   Thumb Code    34  stm32f10x_tim.o(i.TIM_GetITStatus)
    TIM_ITConfig                             0x08001e6f   Thumb Code    18  stm32f10x_tim.o(i.TIM_ITConfig)
    TIM_OC1Init                              0x08001e81   Thumb Code   132  stm32f10x_tim.o(i.TIM_OC1Init)
    TIM_OC1PreloadConfig                     0x08001f19   Thumb Code    18  stm32f10x_tim.o(i.TIM_OC1PreloadConfig)
    TIM_OC4Init                              0x08001f2d   Thumb Code   114  stm32f10x_tim.o(i.TIM_OC4Init)
    TIM_OC4PreloadConfig                     0x08001fa9   Thumb Code    26  stm32f10x_tim.o(i.TIM_OC4PreloadConfig)
    TIM_TimeBaseInit                         0x08001fc5   Thumb Code   122  stm32f10x_tim.o(i.TIM_TimeBaseInit)
    USB_LP_CAN1_RX0_IRQHandler               0x08002069   Thumb Code    56  comm_can.o(i.USB_LP_CAN1_RX0_IRQHandler)
    UsageFault_Handler                       0x080020a9   Thumb Code     4  stm32f10x_it.o(i.UsageFault_Handler)
    main                                     0x080020ad   Thumb Code   148  main.o(i.main)
    Region$$Table$$Base                      0x0800214c   Number         0  anon$$obj.o(Region$$Table)
    Region$$Table$$Limit                     0x0800216c   Number         0  anon$$obj.o(Region$$Table)
    Movement_X_start                         0x20000000   Data           1  global_variable.o(.data)
    Movement_Z_start                         0x20000001   Data           1  global_variable.o(.data)
    Action_Count                             0x20000002   Data           1  global_variable.o(.data)
    Exhaust_Air                              0x20000003   Data           1  global_variable.o(.data)
    Recycle_Bead                             0x20000004   Data           1  global_variable.o(.data)
    Movement_start                           0x20000005   Data           1  global_variable.o(.data)
    Direction_Motor                          0x20000006   Data           1  global_variable.o(.data)
    Movement_X_pulseCount                    0x20000008   Data           2  global_variable.o(.data)
    Movement_X_pulseNumber                   0x2000000a   Data           2  global_variable.o(.data)
    Movement_Z_pulseCount                    0x2000000c   Data           2  global_variable.o(.data)
    Movement_Z_pulseNumber                   0x2000000e   Data           2  global_variable.o(.data)
    Injucet_time                             0x20000010   Data           2  global_variable.o(.data)
    currPos                                  0x20000014   Data           8  movement.o(.data)
    Movement_X_intNotResp                    0x2000001c   Data           1  movement.o(.data)
    Movement_X_originWaiting                 0x2000001d   Data           1  movement.o(.data)
    Movement_Z_intNotResp                    0x2000001e   Data           1  movement.o(.data)
    Movement_Z_originWaiting                 0x2000001f   Data           1  movement.o(.data)
    RxDataFIFO                               0x20000020   Data         117  comm_can_fifo.o(.bss)
    TxDataFIFO                               0x20000095   Data         117  comm_can_fifo.o(.bss)
    RxMultiDataBuffer                        0x2000010a   Data          55  comm_can_fifo.o(.bss)
    __libspace_start                         0x20000144   Data          96  libspace.o(.bss)
    __temporary_stack_top$libspace           0x200001a4   Data           0  libspace.o(.bss)



==============================================================================

Memory Map of the image

  Image Entry point : 0x08000131

  Load Region LR_IROM1 (Base: 0x08000000, Size: 0x0000218c, Max: 0x00040000, ABSOLUTE)

    Execution Region ER_IROM1 (Base: 0x08000000, Size: 0x0000216c, Max: 0x00040000, ABSOLUTE)

    Base Addr    Size         Type   Attr      Idx    E Section Name        Object

    0x08000000   0x00000130   Data   RO           19    RESET               startup_stm32f10x_hd.o
    0x08000130   0x00000008   Code   RO         2098  * !!!main             c_w.l(__main.o)
    0x08000138   0x00000034   Code   RO         2258    !!!scatter          c_w.l(__scatter.o)
    0x0800016c   0x0000001a   Code   RO         2260    !!handler_copy      c_w.l(__scatter_copy.o)
    0x08000186   0x00000002   PAD
    0x08000188   0x0000001c   Code   RO         2262    !!handler_zi        c_w.l(__scatter_zi.o)
    0x080001a4   0x00000002   Code   RO         2129    .ARM.Collect$$libinit$$00000000  c_w.l(libinit.o)
    0x080001a6   0x00000000   Code   RO         2136    .ARM.Collect$$libinit$$00000002  c_w.l(libinit2.o)
    0x080001a6   0x00000000   Code   RO         2138    .ARM.Collect$$libinit$$00000004  c_w.l(libinit2.o)
    0x080001a6   0x00000000   Code   RO         2141    .ARM.Collect$$libinit$$0000000A  c_w.l(libinit2.o)
    0x080001a6   0x00000000   Code   RO         2143    .ARM.Collect$$libinit$$0000000C  c_w.l(libinit2.o)
    0x080001a6   0x00000000   Code   RO         2145    .ARM.Collect$$libinit$$0000000E  c_w.l(libinit2.o)
    0x080001a6   0x00000000   Code   RO         2148    .ARM.Collect$$libinit$$00000011  c_w.l(libinit2.o)
    0x080001a6   0x00000000   Code   RO         2150    .ARM.Collect$$libinit$$00000013  c_w.l(libinit2.o)
    0x080001a6   0x00000000   Code   RO         2152    .ARM.Collect$$libinit$$00000015  c_w.l(libinit2.o)
    0x080001a6   0x00000000   Code   RO         2154    .ARM.Collect$$libinit$$00000017  c_w.l(libinit2.o)
    0x080001a6   0x00000000   Code   RO         2156    .ARM.Collect$$libinit$$00000019  c_w.l(libinit2.o)
    0x080001a6   0x00000000   Code   RO         2158    .ARM.Collect$$libinit$$0000001B  c_w.l(libinit2.o)
    0x080001a6   0x00000000   Code   RO         2160    .ARM.Collect$$libinit$$0000001D  c_w.l(libinit2.o)
    0x080001a6   0x00000000   Code   RO         2162    .ARM.Collect$$libinit$$0000001F  c_w.l(libinit2.o)
    0x080001a6   0x00000000   Code   RO         2164    .ARM.Collect$$libinit$$00000021  c_w.l(libinit2.o)
    0x080001a6   0x00000000   Code   RO         2166    .ARM.Collect$$libinit$$00000023  c_w.l(libinit2.o)
    0x080001a6   0x00000000   Code   RO         2168    .ARM.Collect$$libinit$$00000025  c_w.l(libinit2.o)
    0x080001a6   0x00000000   Code   RO         2172    .ARM.Collect$$libinit$$0000002C  c_w.l(libinit2.o)
    0x080001a6   0x00000000   Code   RO         2174    .ARM.Collect$$libinit$$0000002E  c_w.l(libinit2.o)
    0x080001a6   0x00000000   Code   RO         2176    .ARM.Collect$$libinit$$00000030  c_w.l(libinit2.o)
    0x080001a6   0x00000000   Code   RO         2178    .ARM.Collect$$libinit$$00000032  c_w.l(libinit2.o)
    0x080001a6   0x00000002   Code   RO         2179    .ARM.Collect$$libinit$$00000033  c_w.l(libinit2.o)
    0x080001a8   0x00000002   Code   RO         2199    .ARM.Collect$$libshutdown$$00000000  c_w.l(libshutdown.o)
    0x080001aa   0x00000000   Code   RO         2213    .ARM.Collect$$libshutdown$$00000003  c_w.l(libshutdown2.o)
    0x080001aa   0x00000000   Code   RO         2216    .ARM.Collect$$libshutdown$$00000006  c_w.l(libshutdown2.o)
    0x080001aa   0x00000000   Code   RO         2219    .ARM.Collect$$libshutdown$$00000009  c_w.l(libshutdown2.o)
    0x080001aa   0x00000000   Code   RO         2221    .ARM.Collect$$libshutdown$$0000000B  c_w.l(libshutdown2.o)
    0x080001aa   0x00000000   Code   RO         2224    .ARM.Collect$$libshutdown$$0000000E  c_w.l(libshutdown2.o)
    0x080001aa   0x00000002   Code   RO         2225    .ARM.Collect$$libshutdown$$0000000F  c_w.l(libshutdown2.o)
    0x080001ac   0x00000000   Code   RO         2100    .ARM.Collect$$rtentry$$00000000  c_w.l(__rtentry.o)
    0x080001ac   0x00000000   Code   RO         2106    .ARM.Collect$$rtentry$$00000002  c_w.l(__rtentry2.o)
    0x080001ac   0x00000006   Code   RO         2118    .ARM.Collect$$rtentry$$00000004  c_w.l(__rtentry4.o)
    0x080001b2   0x00000000   Code   RO         2108    .ARM.Collect$$rtentry$$00000009  c_w.l(__rtentry2.o)
    0x080001b2   0x00000004   Code   RO         2109    .ARM.Collect$$rtentry$$0000000A  c_w.l(__rtentry2.o)
    0x080001b6   0x00000000   Code   RO         2111    .ARM.Collect$$rtentry$$0000000C  c_w.l(__rtentry2.o)
    0x080001b6   0x00000008   Code   RO         2112    .ARM.Collect$$rtentry$$0000000D  c_w.l(__rtentry2.o)
    0x080001be   0x00000002   Code   RO         2133    .ARM.Collect$$rtexit$$00000000  c_w.l(rtexit.o)
    0x080001c0   0x00000000   Code   RO         2181    .ARM.Collect$$rtexit$$00000002  c_w.l(rtexit2.o)
    0x080001c0   0x00000004   Code   RO         2182    .ARM.Collect$$rtexit$$00000003  c_w.l(rtexit2.o)
    0x080001c4   0x00000006   Code   RO         2183    .ARM.Collect$$rtexit$$00000004  c_w.l(rtexit2.o)
    0x080001ca   0x00000002   PAD
    0x080001cc   0x00000040   Code   RO           20    .text               startup_stm32f10x_hd.o
    0x0800020c   0x0000008a   Code   RO         2092    .text               c_w.l(rt_memcpy_v6.o)
    0x08000296   0x00000044   Code   RO         2094    .text               c_w.l(rt_memclr.o)
    0x080002da   0x00000006   Code   RO         2096    .text               c_w.l(heapauxi.o)
    0x080002e0   0x00000064   Code   RO         2101    .text               c_w.l(rt_memcpy_w.o)
    0x08000344   0x0000004e   Code   RO         2103    .text               c_w.l(rt_memclr_w.o)
    0x08000392   0x0000004a   Code   RO         2120    .text               c_w.l(sys_stackheap_outer.o)
    0x080003dc   0x0000000c   Code   RO         2122    .text               c_w.l(exit.o)
    0x080003e8   0x00000008   Code   RO         2130    .text               c_w.l(libspace.o)
    0x080003f0   0x0000000c   Code   RO         2191    .text               c_w.l(sys_exit.o)
    0x080003fc   0x00000002   Code   RO         2202    .text               c_w.l(use_no_semi.o)
    0x080003fe   0x00000000   Code   RO         2204    .text               c_w.l(indicate_semi.o)
    0x080003fe   0x00000004   Code   RO         1451    i.BusFault_Handler  stm32f10x_it.o
    0x08000402   0x00000002   PAD
    0x08000404   0x000000a8   Code   RO          148    i.CAN_ClearITPendingBit  stm32f10x_can.o
    0x080004ac   0x00000108   Code   RO          152    i.CAN_FilterInit    stm32f10x_can.o
    0x080005b4   0x00000120   Code   RO          154    i.CAN_GetITStatus   stm32f10x_can.o
    0x080006d4   0x00000012   Code   RO          158    i.CAN_ITConfig      stm32f10x_can.o
    0x080006e6   0x00000114   Code   RO          159    i.CAN_Init          stm32f10x_can.o
    0x080007fa   0x000000f0   Code   RO          162    i.CAN_Receive       stm32f10x_can.o
    0x080008ea   0x00000126   Code   RO          167    i.CAN_Transmit      stm32f10x_can.o
    0x08000a10   0x000000a0   Code   RO          168    i.CAN_TransmitStatus  stm32f10x_can.o
    0x08000ab0   0x00000012   Code   RO          170    i.CheckITStatus     stm32f10x_can.o
    0x08000ac2   0x00000036   Code   RO         1768    i.Comm_CAN_FIFO_Init  comm_can_fifo.o
    0x08000af8   0x0000005a   Code   RO         1769    i.Comm_CAN_FIFO_RxDataGet  comm_can_fifo.o
    0x08000b52   0x0000007a   Code   RO         1770    i.Comm_CAN_FIFO_RxDataPut  comm_can_fifo.o
    0x08000bcc   0x00000070   Code   RO         1771    i.Comm_CAN_FIFO_TxDataGet  comm_can_fifo.o
    0x08000c3c   0x00000054   Code   RO         1733    i.Comm_CAN_FilterInit  comm_can.o
    0x08000c90   0x00000066   Code   RO         1734    i.Comm_CAN_FilterNumInit  comm_can.o
    0x08000cf6   0x00000002   PAD
    0x08000cf8   0x000000d4   Code   RO         1735    i.Comm_CAN_Init     comm_can.o
    0x08000dcc   0x00000060   Code   RO         1664    i.Comm_CAN_SendOnePackage  comm.o
    0x08000e2c   0x00000078   Code   RO         1665    i.Comm_CanDirectSend  comm.o
    0x08000ea4   0x00000014   Code   RO         1666    i.Comm_CanRxData    comm.o
    0x08000eb8   0x000000a0   Code   RO         1667    i.Comm_CanRxDataGet  comm.o
    0x08000f58   0x00000054   Code   RO         1669    i.Comm_CanTxDataSend  comm.o
    0x08000fac   0x0000001c   Code   RO         1672    i.Comm_Init         comm.o
    0x08000fc8   0x0000000c   Code   RO         1673    i.Comm_Process      comm.o
    0x08000fd4   0x000000dc   Code   RO         1828    i.Common_EXTI_Init  common.o
    0x080010b0   0x00000002   Code   RO         1452    i.DebugMon_Handler  stm32f10x_it.o
    0x080010b2   0x0000001e   Code   RO         1832    i.Delay_ms_SW       common.o
    0x080010d0   0x00000054   Code   RO         1453    i.EXTI15_10_IRQHandler  stm32f10x_it.o
    0x08001124   0x0000000c   Code   RO          302    i.EXTI_ClearITPendingBit  stm32f10x_exti.o
    0x08001130   0x00000028   Code   RO          306    i.EXTI_GetITStatus  stm32f10x_exti.o
    0x08001158   0x00000094   Code   RO          307    i.EXTI_Init         stm32f10x_exti.o
    0x080011ec   0x00000040   Code   RO          532    i.GPIO_EXTILineConfig  stm32f10x_gpio.o
    0x0800122c   0x00000116   Code   RO          535    i.GPIO_Init         stm32f10x_gpio.o
    0x08001342   0x00000002   PAD
    0x08001344   0x00000090   Code   RO          537    i.GPIO_PinRemapConfig  stm32f10x_gpio.o
    0x080013d4   0x00000012   Code   RO          539    i.GPIO_ReadInputDataBit  stm32f10x_gpio.o
    0x080013e6   0x00000004   Code   RO          542    i.GPIO_ResetBits    stm32f10x_gpio.o
    0x080013ea   0x00000004   Code   RO          543    i.GPIO_SetBits      stm32f10x_gpio.o
    0x080013ee   0x00000004   Code   RO         1454    i.HardFault_Handler  stm32f10x_it.o
    0x080013f2   0x0000000c   Code   RO         2051    i.MOTOR_PosSensor_Init  sensor.o
    0x080013fe   0x00000002   PAD
    0x08001400   0x0000002c   Code   RO         2052    i.MOTOR_X_PosSensor_Init  sensor.o
    0x0800142c   0x0000002c   Code   RO         2053    i.MOTOR_Z_PosSensor_Init  sensor.o
    0x08001458   0x00000004   Code   RO         1455    i.MemManage_Handler  stm32f10x_it.o
    0x0800145c   0x00000010   Code   RO         1952    i.Motor_Init        motor.o
    0x0800146c   0x00000100   Code   RO         1953    i.Motor_X_Init      motor.o
    0x0800156c   0x00000108   Code   RO         1954    i.Motor_Z_Init      motor.o
    0x08001674   0x00000060   Code   RO         1898    i.Movement_X_GotoTarget  movement.o
    0x080016d4   0x0000002c   Code   RO         1955    i.Movement_X_MotorDriver_DIR  motor.o
    0x08001700   0x00000024   Code   RO         1956    i.Movement_X_MotorDriver_EN  motor.o
    0x08001724   0x0000001c   Code   RO         1957    i.Movement_X_MotorDriver_PWM  motor.o
    0x08001740   0x00000020   Code   RO         2054    i.Movement_X_ReadPosSensor  sensor.o
    0x08001760   0x0000000c   Code   RO         1899    i.Movement_X_ResetPosition  movement.o
    0x0800176c   0x0000002c   Code   RO         1958    i.Movement_X_Start  motor.o
    0x08001798   0x00000020   Code   RO         1959    i.Movement_X_Stop   motor.o
    0x080017b8   0x0000005c   Code   RO         1900    i.Movement_Z_GotoTarget  movement.o
    0x08001814   0x00000020   Code   RO         1960    i.Movement_Z_MotorDriver_DIR  motor.o
    0x08001834   0x00000024   Code   RO         1961    i.Movement_Z_MotorDriver_EN  motor.o
    0x08001858   0x0000001c   Code   RO         1962    i.Movement_Z_MotorDriver_PWM  motor.o
    0x08001874   0x00000020   Code   RO         2055    i.Movement_Z_ReadPosSensor  sensor.o
    0x08001894   0x0000000c   Code   RO         1901    i.Movement_Z_ResetPosition  movement.o
    0x080018a0   0x0000002c   Code   RO         1963    i.Movement_Z_Start  motor.o
    0x080018cc   0x00000020   Code   RO         1964    i.Movement_Z_Stop   motor.o
    0x080018ec   0x00000002   Code   RO         1456    i.NMI_Handler       stm32f10x_it.o
    0x080018ee   0x00000002   PAD
    0x080018f0   0x00000070   Code   RO           24    i.NVIC_Init         misc.o
    0x08001960   0x00000014   Code   RO           25    i.NVIC_PriorityGroupConfig  misc.o
    0x08001974   0x00000002   Code   RO         1457    i.PendSV_Handler    stm32f10x_it.o
    0x08001976   0x0000003e   Code   RO         1902    i.ProcessCMD_Infusion  movement.o
    0x080019b4   0x000000b0   Code   RO         1903    i.ProcessCMD_Inject  movement.o
    0x08001a64   0x00000020   Code   RO          705    i.RCC_APB1PeriphClockCmd  stm32f10x_rcc.o
    0x08001a84   0x00000020   Code   RO          707    i.RCC_APB2PeriphClockCmd  stm32f10x_rcc.o
    0x08001aa4   0x00000048   Code   RO         1904    i.Return_Zero_Position  movement.o
    0x08001aec   0x00000002   Code   RO         1458    i.SVC_Handler       stm32f10x_it.o
    0x08001aee   0x00000008   Code   RO         1618    i.SetSysClock       system_stm32f10x.o
    0x08001af6   0x00000002   PAD
    0x08001af8   0x000000e0   Code   RO         1619    i.SetSysClockTo72   system_stm32f10x.o
    0x08001bd8   0x00000002   Code   RO         1459    i.SysTick_Handler   stm32f10x_it.o
    0x08001bda   0x00000002   PAD
    0x08001bdc   0x00000060   Code   RO         1835    i.SysTick_Init      common.o
    0x08001c3c   0x00000060   Code   RO         1621    i.SystemInit        system_stm32f10x.o
    0x08001c9c   0x000000bc   Code   RO         1965    i.TIM3_IRQHandler   motor.o
    0x08001d58   0x000000b8   Code   RO         1966    i.TIM8_UP_IRQHandler  motor.o
    0x08001e10   0x00000006   Code   RO          913    i.TIM_ClearFlag     stm32f10x_tim.o
    0x08001e16   0x00000018   Code   RO          919    i.TIM_Cmd           stm32f10x_tim.o
    0x08001e2e   0x0000001e   Code   RO          921    i.TIM_CtrlPWMOutputs  stm32f10x_tim.o
    0x08001e4c   0x00000022   Code   RO          940    i.TIM_GetITStatus   stm32f10x_tim.o
    0x08001e6e   0x00000012   Code   RO          944    i.TIM_ITConfig      stm32f10x_tim.o
    0x08001e80   0x00000098   Code   RO          948    i.TIM_OC1Init       stm32f10x_tim.o
    0x08001f18   0x00000012   Code   RO          951    i.TIM_OC1PreloadConfig  stm32f10x_tim.o
    0x08001f2a   0x00000002   PAD
    0x08001f2c   0x0000007c   Code   RO          963    i.TIM_OC4Init       stm32f10x_tim.o
    0x08001fa8   0x0000001a   Code   RO          965    i.TIM_OC4PreloadConfig  stm32f10x_tim.o
    0x08001fc2   0x00000002   PAD
    0x08001fc4   0x000000a4   Code   RO          990    i.TIM_TimeBaseInit  stm32f10x_tim.o
    0x08002068   0x00000040   Code   RO         1736    i.USB_LP_CAN1_RX0_IRQHandler  comm_can.o
    0x080020a8   0x00000004   Code   RO         1460    i.UsageFault_Handler  stm32f10x_it.o
    0x080020ac   0x000000a0   Code   RO         1555    i.main              main.o
    0x0800214c   0x00000020   Data   RO         2256    Region$$Table       anon$$obj.o


    Execution Region RW_IRAM1 (Base: 0x20000000, Size: 0x00000ba8, Max: 0x0000c000, ABSOLUTE)

    Base Addr    Size         Type   Attr      Idx    E Section Name        Object

    0x20000000   0x00000012   Data   RW         1652    .data               global_variable.o
    0x20000012   0x00000002   PAD
    0x20000014   0x0000000c   Data   RW         1905    .data               movement.o
    0x20000020   0x00000121   Zero   RW         1775    .bss                comm_can_fifo.o
    0x20000141   0x00000003   PAD
    0x20000144   0x00000060   Zero   RW         2131    .bss                c_w.l(libspace.o)
    0x200001a4   0x00000004   PAD
    0x200001a8   0x00000200   Zero   RW           18    HEAP                startup_stm32f10x_hd.o
    0x200003a8   0x00000800   Zero   RW           17    STACK               startup_stm32f10x_hd.o


==============================================================================

Image component sizes


      Code (inc. data)   RO Data    RW Data    ZI Data      Debug   Object Name

       520         46          0          0          0       4408   comm.o
       462         18          0          0          0       2277   comm_can.o
       378          0          0          0        289       4525   comm_can_fifo.o
       346         34          0          0          0      17535   common.o
         0          0          0          0          0       4536   core_cm3.o
         0          0          0         18          0        780   global_variable.o
       160         12          0          0          0       1211   main.o
       132         22          0          0          0     245775   misc.o
      1264        146          0          0          0       7636   motor.o
       522         64          0         12          0       4771   movement.o
       164         16          0          0          0       2411   sensor.o
        64         26        304          0       2560        772   startup_stm32f10x_hd.o
      1726         38          0          0          0       6479   stm32f10x_can.o
       200         18          0          0          0       1876   stm32f10x_exti.o
       512         10          0          0          0       4692   stm32f10x_gpio.o
       110         18          0          0          0       5441   stm32f10x_it.o
        64         12          0          0          0       1034   stm32f10x_rcc.o
       596         72          0          0          0       6069   stm32f10x_tim.o
       328         28          0          0          0       1757   system_stm32f10x.o

    ----------------------------------------------------------------------
      7566        580        336         32       2852     323985   Object Totals
         0          0         32          0          0          0   (incl. Generated)
        18          0          0          2          3          0   (incl. Padding)

    ----------------------------------------------------------------------

      Code (inc. data)   RO Data    RW Data    ZI Data      Debug   Library Member Name

         8          0          0          0          0         68   __main.o
         0          0          0          0          0          0   __rtentry.o
        12          0          0          0          0          0   __rtentry2.o
         6          0          0          0          0          0   __rtentry4.o
        52          8          0          0          0          0   __scatter.o
        26          0          0          0          0          0   __scatter_copy.o
        28          0          0          0          0          0   __scatter_zi.o
        12          0          0          0          0         72   exit.o
         6          0          0          0          0        152   heapauxi.o
         0          0          0          0          0          0   indicate_semi.o
         2          0          0          0          0          0   libinit.o
         2          0          0          0          0          0   libinit2.o
         2          0          0          0          0          0   libshutdown.o
         2          0          0          0          0          0   libshutdown2.o
         8          4          0          0         96         68   libspace.o
        68          0          0          0          0         68   rt_memclr.o
        78          0          0          0          0         80   rt_memclr_w.o
       138          0          0          0          0         68   rt_memcpy_v6.o
       100          0          0          0          0         80   rt_memcpy_w.o
         2          0          0          0          0          0   rtexit.o
        10          0          0          0          0          0   rtexit2.o
        12          4          0          0          0         68   sys_exit.o
        74          0          0          0          0         80   sys_stackheap_outer.o
         2          0          0          0          0         68   use_no_semi.o

    ----------------------------------------------------------------------
       654         16          0          0        100        872   Library Totals
         4          0          0          0          4          0   (incl. Padding)

    ----------------------------------------------------------------------

      Code (inc. data)   RO Data    RW Data    ZI Data      Debug   Library Name

       650         16          0          0         96        872   c_w.l

    ----------------------------------------------------------------------
       654         16          0          0        100        872   Library Totals

    ----------------------------------------------------------------------

==============================================================================


      Code (inc. data)   RO Data    RW Data    ZI Data      Debug   

      8220        596        336         32       2952     320017   Grand Totals
      8220        596        336         32       2952     320017   ELF Image Totals
      8220        596        336         32          0          0   ROM Totals

==============================================================================

    Total RO  Size (Code + RO Data)                 8556 (   8.36kB)
    Total RW  Size (RW Data + ZI Data)              2984 (   2.91kB)
    Total ROM Size (Code + RO Data + RW Data)       8588 (   8.39kB)

==============================================================================

